 BOOTX64

 Timestamp is 6a9ee9fa (Mon Sep  7 22:44:42 2026)

 Preferred load address is 0000000140000000

 Start         Length     Name                   Class
 0001:00000000 00000dbdH .text                   CODE
 0002:00000000 00000589H .rdata                  DATA
 0002:0000058c 00001badH .xdata                  DATA
 0003:00000000 00003a20H .data                   DATA
 0003:00003a20 008507d8H .bss                    DATA
 0004:00000000 00000e70H .pdata                  DATA
 0005:00000000 000101cdH .managedcode$I          CODE
 0006:00000000 00000008H .modules$I              DATA
 0007:00000000 000000d0H .rodata                 CODE

  Address         Publics by Value              Rva+Base               Lib:Object

 0000:00000000       .absolut                   0000000000000000     <absolute>
 0000:00000000       .absolut                   0000000000000000     <absolute>
 0000:00000000       .absolut                   0000000000000000     <absolute>
 0000:00000000       .absolut                   0000000000000000     <absolute>
 0000:00000000       .absolut                   0000000000000000     <absolute>
 0000:00000000       .absolut                   0000000000000000     <absolute>
 0001:00000000       RhpReversePInvoke          0000000140001000     Entry.obj
 0001:00000001       RhpReversePInvokeReturn    0000000140001001     Entry.obj
 0001:00000002       RhpPInvoke                 0000000140001002     Entry.obj
 0001:00000003       RhpPInvokeReturn           0000000140001003     Entry.obj
 0001:00000004       __security_check_cookie    0000000140001004     Entry.obj
 0001:00000005       RhpFallbackFailFast        0000000140001005     Entry.obj
 0001:00000009       RhpThrowEx                 0000000140001009     Entry.obj
 0001:0000000d       Out8                       000000014000100d     Entry.obj
 0001:00000019       In8                        0000000140001019     Entry.obj
 0001:00000021       Out16                      0000000140001021     Entry.obj
 0001:0000002f       In16                       000000014000102f     Entry.obj
 0001:00000038       Out32                      0000000140001038     Entry.obj
 0001:00000044       In32                       0000000140001044     Entry.obj
 0001:00000049       IoWait                     0000000140001049     Entry.obj
 0001:0000004e       ReadCr0                    000000014000104e     Entry.obj
 0001:00000052       WriteCr0                   0000000140001052     Entry.obj
 0001:00000056       ReadCr3                    0000000140001056     Entry.obj
 0001:0000005a       ReadCr2                    000000014000105a     Entry.obj
 0001:0000005e       WriteCr3                   000000014000105e     Entry.obj
 0001:00000062       ReadCr4                    0000000140001062     Entry.obj
 0001:00000066       WriteCr4                   0000000140001066     Entry.obj
 0001:0000006a       ReadMsr                    000000014000106a     Entry.obj
 0001:00000076       WriteMsr                   0000000140001076     Entry.obj
 0001:0000007f       XSetBv                     000000014000107f     Entry.obj
 0001:00000089       Invlpg                     0000000140001089     Entry.obj
 0001:0000008d       ReadRflags                 000000014000108d     Entry.obj
 0001:00000090       RestoreRflags              0000000140001090     Entry.obj
 0001:00000093       DisableInterrupts          0000000140001093     Entry.obj
 0001:00000095       EnableInterrupts           0000000140001095     Entry.obj
 0001:00000097       GetRsp                     0000000140001097     Entry.obj
 0001:0000009f       GetRip                     000000014000109f     Entry.obj
 0001:000000a7       SwitchToHigherHalf         00000001400010a7     Entry.obj
 0001:000000b8       CpuIdEcx                   00000001400010b8     Entry.obj
 0001:000000c3       Halt                       00000001400010c3     Entry.obj
 0001:000000c7       TripleFaultReset           00000001400010c7     Entry.obj
 0001:000000d4       AtomicIncrement32          00000001400010d4     Entry.obj
 0001:000000e0       AtomicDecrement32          00000001400010e0     Entry.obj
 0001:000000ec       AtomicCompareExchange32    00000001400010ec     Entry.obj
 0001:000000f4       AtomicCompareExchange64    00000001400010f4     Entry.obj
 0001:000000fd       AtomicExchange32           00000001400010fd     Entry.obj
 0001:00000102       AtomicFetchAndAdd32        0000000140001102     Entry.obj
 0001:00000109       CpuPause                   0000000140001109     Entry.obj
 0001:0000010c       GetCurrentCoreIndex        000000014000110c     Entry.obj
 0001:00000115       GetCurrentThread           0000000140001115     Entry.obj
 0001:0000011f       SetCurrentThread           000000014000111f     Entry.obj
 0001:00000129       ApEntry64                  0000000140001129     Entry.obj
 0001:00000180       GetApEntry64               0000000140001180     Entry.obj
 0001:00000188       SetApInitialStack          0000000140001188     Entry.obj
 0001:00000194       GetApTrampolineBinary      0000000140001194     Entry.obj
 0001:0000019c       GetApTrampolineBinarySize  000000014000119c     Entry.obj
 0001:000001b0       LoadGdt                    00000001400011b0     DescriptorFlush.obj
 0001:000001b4       ReloadSegments             00000001400011b4     DescriptorFlush.obj
 0001:000001ca       LoadTss                    00000001400011ca     DescriptorFlush.obj
 0001:000001ce       LoadIdt                    00000001400011ce     DescriptorFlush.obj
 0001:00000c72       GetIsrThunkTable           0000000140001c72     IsrTrampolines.obj
 0001:00000c80       ContextSwitch              0000000140001c80     ContextSwitch.obj
 0001:00000c9b       ThreadStartTrampoline      0000000140001c9b     ContextSwitch.obj
 0001:00000cb0       GetThreadStartTrampoline   0000000140001cb0     ContextSwitch.obj
 0001:00000cc0       SyscallEntry               0000000140001cc0     SyscallEntry.obj
 0001:00000d25       DoSyscall                  0000000140001d25     SyscallEntry.obj
 0001:00000d6e       GetSyscallEntry            0000000140001d6e     SyscallEntry.obj
 0001:00000d76       SetSyscallKernelRsp        0000000140001d76     SyscallEntry.obj
 0001:00000d80       EnterUserMode              0000000140001d80     UserTransition.obj
 0001:00000d9b       UserThreadTrampoline       0000000140001d9b     UserTransition.obj
 0001:00000db5       GetUserThreadTrampoline    0000000140001db5     UserTransition.obj
 0002:00000000       __embedded_metadata        0000000140002000     Kernel.obj
 0002:00000005       __embedded_resourcedata    0000000140002005     Kernel.obj
 0002:00000005       __embedded_resourceindex   0000000140002005     Kernel.obj
 0002:00000008       __type_to_metadata_map     0000000140002008     Kernel.obj
 0002:0000000b       __type_to_cctorContext_map 000000014000200b     Kernel.obj
 0002:0000000e       __method_to_entrypoint_map 000000014000200e     Kernel.obj
 0002:00000011       __delegate_marshalling_stub_map 0000000140002011     Kernel.obj
 0002:00000014       __struct_marshalling_stub_map 0000000140002014     Kernel.obj
 0002:00000017       __array_type_map           0000000140002017     Kernel.obj
 0002:0000001a       __ptr_type_map             000000014000201a     Kernel.obj
 0002:0000001d       __byref_type_map           000000014000201d     Kernel.obj
 0002:00000020       __fnptr_type_map           0000000140002020     Kernel.obj
 0002:00000023       __field_to_offset_map      0000000140002023     Kernel.obj
 0002:00000026       __nativelayoutinfo         0000000140002026     Kernel.obj
 0002:00000026       __exact_method_instantiations 0000000140002026     Kernel.obj
 0002:00000029       __generic_types_hashtable  0000000140002029     Kernel.obj
 0002:0000002c       __generic_methods_hashtable 000000014000202c     Kernel.obj
 0002:0000002f       __gvm_table                000000014000202f     Kernel.obj
 0002:00000032       __interface_gvm_table      0000000140002032     Kernel.obj
 0002:00000035       __GenericMethodsTemplateMap 0000000140002035     Kernel.obj
 0002:00000038       __GenericTypesTemplateMap  0000000140002038     Kernel.obj
 0002:0000003b       _StaticsInfoHashtableNode  000000014000203b     Kernel.obj
 0002:0000003e       __VirtualInvokeMap         000000014000203e     Kernel.obj
 0002:00000044       __external_CommonFixupsTable_references 0000000140002044     Kernel.obj
 0002:00000044       __external_NativeReferences_references 0000000140002044     Kernel.obj
 0002:00000044       __external_NativeStatics_references 0000000140002044     Kernel.obj
 0002:00000048       _stacktrace_methodRVA_to_token_mapping 0000000140002048     Kernel.obj
 0002:0000004c       __readonlydata_g_requiredCpuFeatures 000000014000204c     Kernel.obj
 0002:0000004c       g_requiredCpuFeatures      000000014000204c     Kernel.obj
 0002:00000050       g_compilerEmbeddedKnobsBlob 0000000140002050     Kernel.obj
 0002:00000058       g_compilerEmbeddedSettingsBlob 0000000140002058     Kernel.obj
 0002:00000060       ??_7Object@@6B@            0000000140002060     Kernel.obj
 0002:00000098       ??_7String@@6B@            0000000140002098     Kernel.obj
 0002:000000d0       __readonlydata_Kernel_Kernel_Scheduling_Scheduler__GetPriorityTimeslice 00000001400020d0     Kernel.obj
 0002:000000e0       __readonlydata_Kernel_Kernel_Scheduling_Scheduler__EnqueueThreadUnlocked 00000001400020e0     Kernel.obj
 0002:000000f0       __readonlydata_Kernel_Kernel_Ipc_SyscallDispatcher__DispatchSyscall 00000001400020f0     Kernel.obj
 0002:00000148       __ReadyToRunHeader         0000000140002148     Kernel.obj
 0002:00000440       __ehinfo_Kernel_Kernel_Scheduling_Scheduler__EnqueueThread 0000000140002440     Kernel.obj
 0002:00000444       __ehinfo_Kernel_Kernel_Scheduling_Scheduler__BoostAllThreads 0000000140002444     Kernel.obj
 0002:0000044a       __ehinfo_Kernel_Kernel_Memory_Virtual_SmpTlbShootdown__BroadcastShootdown 000000014000244a     Kernel.obj
 0002:00000451       __ehinfo_Kernel_Kernel_Memory_Physical_PageFrameAllocator__MarkRangeFree 0000000140002451     Kernel.obj
 0002:00000457       __ehinfo_Kernel_Kernel_Memory_Physical_PageFrameAllocator__AllocateFrame 0000000140002457     Kernel.obj
 0002:0000045d       __ehinfo_Kernel_Kernel_Memory_Physical_PageFrameAllocator__FreeFrame 000000014000245d     Kernel.obj
 0002:00000463       __ehinfo_Kernel_Kernel_Memory_Physical_PageFrameAllocator__AllocateContiguousFrames 0000000140002463     Kernel.obj
 0002:00000469       __ehinfo_Kernel_Kernel_Memory_Heap_SlabAllocator__KmAlloc 0000000140002469     Kernel.obj
 0002:0000046f       __ehinfo_Kernel_Kernel_Diagnostics_EarlySerial__WriteChar 000000014000246f     Kernel.obj
 0002:00000473       __ehinfo_Kernel_Kernel_Diagnostics_EarlySerial__Write 0000000140002473     Kernel.obj
 0002:00000477       __ehinfo_Kernel_Kernel_Diagnostics_EarlySerial__WriteLine 0000000140002477     Kernel.obj
 0002:0000047b       __ehinfo_Kernel_Kernel_Diagnostics_EarlySerial__WriteLine_0 000000014000247b     Kernel.obj
 0002:0000047f       __ehinfo_Kernel_Kernel_Diagnostics_EarlySerial__WriteHex 000000014000247f     Kernel.obj
 0002:00000483       __ehinfo_Kernel_Kernel_Diagnostics_EarlySerial__WriteDec 0000000140002483     Kernel.obj
 0002:00000487       __ehinfo_Kernel_Kernel_Arch_x86_64_Hardware_Cpu__ReadCr0 0000000140002487     Kernel.obj
 0002:0000048c       __ehinfo_Kernel_Kernel_Arch_x86_64_Hardware_Cpu__WriteCr0 000000014000248c     Kernel.obj
 0002:00000491       __ehinfo_Kernel_Kernel_Arch_x86_64_Hardware_Cpu__ReadCr3 0000000140002491     Kernel.obj
 0002:00000496       __ehinfo_Kernel_Kernel_Arch_x86_64_Hardware_Cpu__ReadCr2 0000000140002496     Kernel.obj
 0002:0000049b       __ehinfo_Kernel_Kernel_Arch_x86_64_Hardware_Cpu__WriteCr3 000000014000249b     Kernel.obj
 0002:000004a0       __ehinfo_Kernel_Kernel_Arch_x86_64_Hardware_Cpu__ReadCr4 00000001400024a0     Kernel.obj
 0002:000004a5       __ehinfo_Kernel_Kernel_Arch_x86_64_Hardware_Cpu__WriteCr4 00000001400024a5     Kernel.obj
 0002:000004aa       __ehinfo_Kernel_Kernel_Arch_x86_64_Hardware_Cpu__ReadMsr 00000001400024aa     Kernel.obj
 0002:000004b0       __ehinfo_Kernel_Kernel_Arch_x86_64_Hardware_Cpu__WriteMsr 00000001400024b0     Kernel.obj
 0002:000004b5       __ehinfo_Kernel_Kernel_Arch_x86_64_Hardware_Cpu__DisableInterrupts 00000001400024b5     Kernel.obj
 0002:000004b9       __ehinfo_Kernel_Kernel_Arch_x86_64_Hardware_Cpu__EnableInterrupts 00000001400024b9     Kernel.obj
 0002:000004bd       __ehinfo_Kernel_Kernel_Arch_x86_64_Hardware_Cpu__Invlpg 00000001400024bd     Kernel.obj
 0002:000004c2       __ehinfo_Kernel_Kernel_Arch_x86_64_Hardware_Cpu__ReadRflags 00000001400024c2     Kernel.obj
 0002:000004c7       __ehinfo_Kernel_Kernel_Arch_x86_64_Hardware_Cpu__RestoreRflags 00000001400024c7     Kernel.obj
 0002:000004cc       __ehinfo_Kernel_Kernel_Arch_x86_64_Hardware_Cpu__GetRsp 00000001400024cc     Kernel.obj
 0002:000004d1       __ehinfo_Kernel_Kernel_Arch_x86_64_Hardware_Cpu__GetRip 00000001400024d1     Kernel.obj
 0002:000004d6       __ehinfo_Kernel_Kernel_Arch_x86_64_Hardware_Cpu__SwitchToHigherHalf 00000001400024d6     Kernel.obj
 0002:000004db       __ehinfo_Kernel_Kernel_Arch_x86_64_Hardware_Cpu__LoadGdt 00000001400024db     Kernel.obj
 0002:000004e0       __ehinfo_Kernel_Kernel_Arch_x86_64_Hardware_Cpu__ReloadSegments 00000001400024e0     Kernel.obj
 0002:000004e5       __ehinfo_Kernel_Kernel_Arch_x86_64_Hardware_Cpu__LoadTss 00000001400024e5     Kernel.obj
 0002:000004ea       __ehinfo_Kernel_Kernel_Arch_x86_64_Hardware_Cpu__LoadIdt 00000001400024ea     Kernel.obj
 0002:000004ef       __ehinfo_Kernel_Kernel_Arch_x86_64_Hardware_Cpu__GetIsrThunkTable 00000001400024ef     Kernel.obj
 0002:000004f4       __ehinfo_Kernel_Kernel_Arch_x86_64_Hardware_Cpu__ContextSwitch 00000001400024f4     Kernel.obj
 0002:000004f9       __ehinfo_Kernel_Kernel_Arch_x86_64_Hardware_Cpu__DoSyscall 00000001400024f9     Kernel.obj
 0002:000004ff       __ehinfo_Kernel_Kernel_Arch_x86_64_Hardware_Cpu__GetSyscallEntry 00000001400024ff     Kernel.obj
 0002:00000504       __ehinfo_Kernel_Kernel_Arch_x86_64_Hardware_Cpu__GetThreadStartTrampoline 0000000140002504     Kernel.obj
 0002:00000509       __ehinfo_Kernel_Kernel_Arch_x86_64_Hardware_Cpu__EnterUserMode 0000000140002509     Kernel.obj
 0002:0000050e       __ehinfo_Kernel_Kernel_Arch_x86_64_Hardware_Cpu__SetSyscallKernelRsp 000000014000250e     Kernel.obj
 0002:00000513       __ehinfo_Kernel_Kernel_Arch_x86_64_Hardware_Cpu__GetUserThreadTrampoline 0000000140002513     Kernel.obj
 0002:00000518       __ehinfo_Kernel_Kernel_Arch_x86_64_Hardware_Cpu__XSetBv 0000000140002518     Kernel.obj
 0002:0000051d       __ehinfo_Kernel_Kernel_Arch_x86_64_Hardware_Cpu__CpuPause 000000014000251d     Kernel.obj
 0002:00000521       __ehinfo_Kernel_Kernel_Arch_x86_64_Hardware_Cpu__AtomicIncrement32 0000000140002521     Kernel.obj
 0002:00000526       __ehinfo_Kernel_Kernel_Arch_x86_64_Hardware_Cpu__AtomicDecrement32 0000000140002526     Kernel.obj
 0002:0000052b       __ehinfo_Kernel_Kernel_Arch_x86_64_Hardware_Cpu__AtomicExchange32 000000014000252b     Kernel.obj
 0002:00000531       __ehinfo_Kernel_Kernel_Arch_x86_64_Hardware_Cpu__AtomicFetchAndAdd32 0000000140002531     Kernel.obj
 0002:00000537       __ehinfo_Kernel_Kernel_Arch_x86_64_Hardware_Cpu__GetCurrentCoreIndex 0000000140002537     Kernel.obj
 0002:0000053c       __ehinfo_Kernel_Kernel_Arch_x86_64_Hardware_Cpu__GetCurrentThread 000000014000253c     Kernel.obj
 0002:00000541       __ehinfo_Kernel_Kernel_Arch_x86_64_Hardware_Cpu__SetCurrentThread 0000000140002541     Kernel.obj
 0002:00000546       __ehinfo_Kernel_Kernel_Arch_x86_64_Hardware_Cpu__GetApEntry64 0000000140002546     Kernel.obj
 0002:0000054b       __ehinfo_Kernel_Kernel_Arch_x86_64_Hardware_Cpu__SetApInitialStack 000000014000254b     Kernel.obj
 0002:00000550       __ehinfo_Kernel_Kernel_Arch_x86_64_Hardware_Cpu__GetApTrampolineBinary 0000000140002550     Kernel.obj
 0002:00000555       __ehinfo_Kernel_Kernel_Arch_x86_64_Hardware_Cpu__GetApTrampolineBinarySize 0000000140002555     Kernel.obj
 0002:0000055a       __ehinfo_Kernel_Kernel_Arch_x86_64_Hardware_Cpu__CpuIdEcx 000000014000255a     Kernel.obj
 0002:0000055f       __ehinfo_Kernel_Kernel_Arch_x86_64_Hardware_Cpu__Halt 000000014000255f     Kernel.obj
 0002:00000563       __ehinfo_Kernel_Kernel_Arch_x86_64_Hardware_Cpu__TripleFaultReset 0000000140002563     Kernel.obj
 0002:00000567       __ehinfo_Kernel_Kernel_Arch_x86_64_Hardware_PortIo__Out8 0000000140002567     Kernel.obj
 0002:0000056c       __ehinfo_Kernel_Kernel_Arch_x86_64_Hardware_PortIo__In8 000000014000256c     Kernel.obj
 0002:00000571       __ehinfo_Kernel_Kernel_Arch_x86_64_Hardware_PortIo__Out16 0000000140002571     Kernel.obj
 0002:00000576       __ehinfo_Kernel_Kernel_Arch_x86_64_Hardware_PortIo__In16 0000000140002576     Kernel.obj
 0002:0000057b       __ehinfo_Kernel_Kernel_Arch_x86_64_Hardware_PortIo__Out32 000000014000257b     Kernel.obj
 0002:00000580       __ehinfo_Kernel_Kernel_Arch_x86_64_Hardware_PortIo__In32 0000000140002580     Kernel.obj
 0002:00000585       __ehinfo_Kernel_Kernel_Arch_x86_64_Hardware_PortIo__IoWait 0000000140002585     Kernel.obj
 0002:0000058c       _unwind0Kernel_Kernel_Scheduling_MlfqQueue__Enqueue 000000014000258c     Kernel.obj
 0002:000005ac       _unwind0Kernel_Kernel_Scheduling_MlfqQueue__Dequeue 00000001400025ac     Kernel.obj
 0002:000005d4       _unwind0Kernel_Kernel_Scheduling_MlfqQueue__get_IsEmpty 00000001400025d4     Kernel.obj
 0002:000005d4       _unwind0Kernel_Kernel_Ipc_Endpoint__get_HasSenders 00000001400025d4     Kernel.obj
 0002:000005ec       _unwind0Kernel_Kernel_Scheduling_Scheduler__GetPriorityTimeslice 00000001400025ec     Kernel.obj
 0002:00000604       _unwind0Kernel_Kernel_Scheduling_Scheduler__get_CurrentThread 0000000140002604     Kernel.obj
 0002:00000604       _unwind0Kernel_Kernel_Arch_x86_64_Hardware_Cpu__Pause 0000000140002604     Kernel.obj
 0002:00000604       _unwind0Kernel_Kernel_Arch_x86_64_Hardware_CpuTopology__GetCurrentCoreIndex 0000000140002604     Kernel.obj
 0002:00000604       _unwind0Kernel_Kernel_Arch_x86_64_Hardware_Pic8259__MaskAll 0000000140002604     Kernel.obj
 0002:00000618       _unwind0Kernel_Kernel_Scheduling_Scheduler__set_CurrentThread 0000000140002618     Kernel.obj
 0002:00000618       _unwind0Kernel_Kernel_Memory_Virtual_VirtualMemorySpace__InvalidatePage 0000000140002618     Kernel.obj
 0002:0000062c       _unwind0Kernel_Kernel_Scheduling_Scheduler__get_IdleThread 000000014000262c     Kernel.obj
 0002:00000640       _unwind0Kernel_Kernel_Scheduling_Scheduler__Initialize 0000000140002640     Kernel.obj
 0002:00000658       _unwind0Kernel_Kernel_Scheduling_Scheduler__InitializeAp 0000000140002658     Kernel.obj
 0002:0000066c       _unwind0Kernel_Kernel_Scheduling_Scheduler__CreateThread 000000014000266c     Kernel.obj
 0002:00000680       _unwind0Kernel_Kernel_Scheduling_Scheduler__CreateThread_0 0000000140002680     Kernel.obj
 0002:00000694       _unwind0Kernel_Kernel_Scheduling_Scheduler__CreateThreadInternal 0000000140002694     Kernel.obj
 0002:000006a8       _unwind0Kernel_Kernel_Scheduling_Scheduler__CreateUserThread 00000001400026a8     Kernel.obj
 0002:000006c0       _unwind0Kernel_Kernel_Scheduling_Scheduler__AcquireSchedulerLock 00000001400026c0     Kernel.obj
 0002:000006d4       _unwind0Kernel_Kernel_Scheduling_Scheduler__ReleaseSchedulerLock 00000001400026d4     Kernel.obj
 0002:000006e8       _unwind0Kernel_Kernel_Scheduling_Scheduler__EnqueueThreadUnlocked 00000001400026e8     Kernel.obj
 0002:00000700       _unwind0Kernel_Kernel_Scheduling_Scheduler__EnqueueThread 0000000140002700     Kernel.obj
 0002:00000718       _unwind1Kernel_Kernel_Scheduling_Scheduler__EnqueueThread 0000000140002718     Kernel.obj
 0002:00000718       _unwind1Kernel_Kernel_Scheduling_Scheduler__BoostAllThreads 0000000140002718     Kernel.obj
 0002:00000718       _unwind1Kernel_Kernel_Memory_Virtual_SmpTlbShootdown__BroadcastShootdown 0000000140002718     Kernel.obj
 0002:00000718       _unwind1Kernel_Kernel_Memory_Physical_PageFrameAllocator__MarkRangeFree 0000000140002718     Kernel.obj
 0002:00000718       _unwind1Kernel_Kernel_Memory_Physical_PageFrameAllocator__AllocateFrame 0000000140002718     Kernel.obj
 0002:00000718       _unwind1Kernel_Kernel_Memory_Physical_PageFrameAllocator__FreeFrame 0000000140002718     Kernel.obj
 0002:00000718       _unwind1Kernel_Kernel_Memory_Physical_PageFrameAllocator__AllocateContiguousFrames 0000000140002718     Kernel.obj
 0002:00000718       _unwind1Kernel_Kernel_Memory_Heap_SlabAllocator__KmAlloc 0000000140002718     Kernel.obj
 0002:00000718       _unwind1Kernel_Kernel_Diagnostics_EarlySerial__WriteChar 0000000140002718     Kernel.obj
 0002:00000718       _unwind1Kernel_Kernel_Diagnostics_EarlySerial__Write 0000000140002718     Kernel.obj
 0002:00000718       _unwind1Kernel_Kernel_Diagnostics_EarlySerial__WriteLine 0000000140002718     Kernel.obj
 0002:00000718       _unwind1Kernel_Kernel_Diagnostics_EarlySerial__WriteLine_0 0000000140002718     Kernel.obj
 0002:00000718       _unwind1Kernel_Kernel_Diagnostics_EarlySerial__WriteHex 0000000140002718     Kernel.obj
 0002:00000718       _unwind1Kernel_Kernel_Diagnostics_EarlySerial__WriteDec 0000000140002718     Kernel.obj
 0002:00000724       _unwind0Kernel_Kernel_Scheduling_Scheduler__DequeueNextReadyUnlocked 0000000140002724     Kernel.obj
 0002:00000738       _unwind0Kernel_Kernel_Scheduling_Scheduler__DirectHandoffLocked 0000000140002738     Kernel.obj
 0002:0000074c       _unwind0Kernel_Kernel_Scheduling_Scheduler__Yield 000000014000274c     Kernel.obj
 0002:00000760       _unwind0Kernel_Kernel_Scheduling_Scheduler__OnTimerTick 0000000140002760     Kernel.obj
 0002:00000774       _unwind0Kernel_Kernel_Scheduling_Scheduler__BoostAllThreads 0000000140002774     Kernel.obj
 0002:00000790       _unwind0Kernel_Kernel_Scheduling_Scheduler__PromoteQueue 0000000140002790     Kernel.obj
 0002:000007ac       _unwind0Kernel_Kernel_Scheduling_Scheduler__Schedule 00000001400027ac     Kernel.obj
 0002:000007ac       _unwind0Kernel_Kernel_Scheduling_Scheduler__UnlockScheduler 00000001400027ac     Kernel.obj
 0002:000007c0       _unwind0Kernel_Kernel_Scheduling_Scheduler__ScheduleLocked 00000001400027c0     Kernel.obj
 0002:000007d8       _unwind0Kernel_Kernel_Scheduling_Scheduler__TerminateCurrentThread 00000001400027d8     Kernel.obj
 0002:000007ec       _unwind0Kernel_Kernel_Scheduling_Scheduler__ReleaseSchedulerLock_0 00000001400027ec     Kernel.obj
 0002:000007ec       _unwind0Kernel_Kernel_Scheduling_Scheduler__ApIdleLoopThunk 00000001400027ec     Kernel.obj
 0002:00000800       _unwind0Kernel_Kernel_Scheduling_Scheduler__IdleLoop 0000000140002800     Kernel.obj
 0002:00000814       _unwind0Kernel_Kernel_Scheduling_Scheduler__RunApIdleLoop 0000000140002814     Kernel.obj
 0002:00000828       _unwind0Kernel_Kernel_Scheduling_Scheduler__ThreadEntryPointRunner 0000000140002828     Kernel.obj
 0002:00000848       _unwind0Kernel_Kernel_Memory_Virtual_Hhdm__PhysicalToVirtual 0000000140002848     Kernel.obj
 0002:00000848       _unwind0Kernel_Kernel_Memory_Virtual_VirtualMemorySpace__set_Pml4PhysicalAddress 0000000140002848     Kernel.obj
 0002:00000848       _unwind0Kernel_Kernel_Memory_Physical_DmaArenaAllocator__set_BaseAddress 0000000140002848     Kernel.obj
 0002:00000858       _unwind0Kernel_Kernel_Memory_Virtual_Paging__GetPml4Index 0000000140002858     Kernel.obj
 0002:00000858       _unwind0Kernel_Kernel_Memory_Virtual_Paging__GetPdptIndex 0000000140002858     Kernel.obj
 0002:00000858       _unwind0Kernel_Kernel_Memory_Virtual_Paging__GetPdIndex 0000000140002858     Kernel.obj
 0002:00000858       _unwind0Kernel_Kernel_Memory_Virtual_Paging__GetPtIndex 0000000140002858     Kernel.obj
 0002:00000868       _unwind0Kernel_Kernel_Memory_Virtual_SmpTlbShootdown__BroadcastShootdown 0000000140002868     Kernel.obj
 0002:00000880       _unwind0Kernel_Kernel_Memory_Virtual_SmpTlbShootdown__HandleTlbShootdownIpi 0000000140002880     Kernel.obj
 0002:00000894       _unwind0Kernel_Kernel_Memory_Virtual_VirtualMemorySpace__get_Pml4PhysicalAddress 0000000140002894     Kernel.obj
 0002:00000894       _unwind0Kernel_Kernel_Memory_Physical_DmaArenaAllocator__get_BaseAddress 0000000140002894     Kernel.obj
 0002:000008a4       _unwind0Kernel_Kernel_Memory_Virtual_VirtualMemorySpace__CreateKernelSpace 00000001400028a4     Kernel.obj
 0002:000008bc       _unwind0Kernel_Kernel_Memory_Virtual_VirtualMemorySpace__ZeroPage 00000001400028bc     Kernel.obj
 0002:000008cc       _unwind0Kernel_Kernel_Memory_Virtual_VirtualMemorySpace__MapUserPage4K 00000001400028cc     Kernel.obj
 0002:000008e0       _unwind0Kernel_Kernel_Memory_Virtual_VirtualMemorySpace__CreateUserAddressSpace 00000001400028e0     Kernel.obj
 0002:00000900       _unwind0Kernel_Kernel_Memory_Virtual_VirtualMemorySpace__MapUserMmio 0000000140002900     Kernel.obj
 0002:00000914       _unwind0Kernel_Kernel_Memory_Virtual_VirtualMemorySpace__UnmapPage 0000000140002914     Kernel.obj
 0002:00000928       _unwind0Kernel_Kernel_Memory_Virtual_VirtualMemorySpace__GetPhysicalAddress 0000000140002928     Kernel.obj
 0002:0000093c       _unwind0Kernel_Kernel_Memory_Physical_DmaArenaAllocator__get_Size 000000014000293c     Kernel.obj
 0002:0000093c       _unwind0Kernel_Kernel_Memory_Physical_DmaArenaAllocator__get_CurrentOffset 000000014000293c     Kernel.obj
 0002:0000093c       _unwind0Kernel_Kernel_Memory_Physical_PageFrameAllocator__get_FreeFrames 000000014000293c     Kernel.obj
 0002:0000094c       _unwind0Kernel_Kernel_Memory_Physical_DmaArenaAllocator__set_Size 000000014000294c     Kernel.obj
 0002:0000094c       _unwind0Kernel_Kernel_Memory_Physical_DmaArenaAllocator__set_CurrentOffset 000000014000294c     Kernel.obj
 0002:0000095c       _unwind0Kernel_Kernel_Memory_Physical_DmaArenaAllocator__Initialize 000000014000295c     Kernel.obj
 0002:00000970       _unwind0Kernel_Kernel_Memory_Physical_DmaArenaAllocator__Allocate 0000000140002970     Kernel.obj
 0002:00000984       _unwind0Kernel_Kernel_Memory_Physical_PageFrameAllocator__Initialize 0000000140002984     Kernel.obj
 0002:00000998       _unwind0Kernel_Kernel_Memory_Physical_PageFrameAllocator__MarkRangeFree 0000000140002998     Kernel.obj
 0002:000009b4       _unwind0Kernel_Kernel_Memory_Physical_PageFrameAllocator__AllocateFrame 00000001400029b4     Kernel.obj
 0002:000009d4       _unwind0Kernel_Kernel_Memory_Physical_PageFrameAllocator__FreeFrame 00000001400029d4     Kernel.obj
 0002:000009f0       _unwind0Kernel_Kernel_Memory_Physical_PageFrameAllocator__AllocateContiguousFrames 00000001400029f0     Kernel.obj
 0002:00000a18       _unwind0Kernel_Kernel_Memory_Heap_SlabAllocator__Initialize 0000000140002a18     Kernel.obj
 0002:00000a2c       _unwind0Kernel_Kernel_Memory_Heap_SlabAllocator__KmAlloc 0000000140002a2c     Kernel.obj
 0002:00000a58       _unwind0Kernel_Kernel_Memory_Heap_SlabCache__Initialize 0000000140002a58     Kernel.obj
 0002:00000a74       _unwind0Kernel_Kernel_Memory_Heap_SlabCache__Allocate 0000000140002a74     Kernel.obj
 0002:00000a98       _unwind0Kernel_Kernel_Memory_Heap_SlabCache__Grow 0000000140002a98     Kernel.obj
 0002:00000ac0       _unwind0Kernel_Kernel_Ipc_Endpoint__Create 0000000140002ac0     Kernel.obj
 0002:00000ad4       _unwind0Kernel_Kernel_Ipc_Endpoint__EnqueueSend 0000000140002ad4     Kernel.obj
 0002:00000af4       _unwind0Kernel_Kernel_Ipc_Endpoint__DequeueSend 0000000140002af4     Kernel.obj
 0002:00000b1c       _unwind0Kernel_Kernel_Ipc_Endpoint__EnqueueReceive 0000000140002b1c     Kernel.obj
 0002:00000b3c       _unwind0Kernel_Kernel_Ipc_Endpoint__DequeueReceive 0000000140002b3c     Kernel.obj
 0002:00000b64       _unwind0Kernel_Kernel_Ipc_Endpoint__RemoveReceive 0000000140002b64     Kernel.obj
 0002:00000b94       _unwind0Kernel_Kernel_Ipc_Endpoint__get_HasReceivers 0000000140002b94     Kernel.obj
 0002:00000bac       _unwind0Kernel_Kernel_Ipc_FastPathTransfer__Send 0000000140002bac     Kernel.obj
 0002:00000bc4       _unwind0Kernel_Kernel_Ipc_FastPathTransfer__Recv 0000000140002bc4     Kernel.obj
 0002:00000bf4       _unwind0Kernel_Kernel_Ipc_FastPathTransfer__Reply 0000000140002bf4     Kernel.obj
 0002:00000c08       _unwind0Kernel_Kernel_Ipc_Notification__Create 0000000140002c08     Kernel.obj
 0002:00000c1c       _unwind0Kernel_Kernel_Ipc_Notification__Signal 0000000140002c1c     Kernel.obj
 0002:00000c40       _unwind0Kernel_Kernel_Ipc_Notification__Wait 0000000140002c40     Kernel.obj
 0002:00000c60       _unwind0Kernel_Kernel_Ipc_SyscallDispatcher__DispatchSyscall 0000000140002c60     Kernel.obj
 0002:00000ca4       _unwind0Kernel_Kernel_Ipc_UnifiedWait__RecvAny 0000000140002ca4     Kernel.obj
 0002:00000cdc       _unwind0Kernel_Kernel_Diagnostics_EarlySerial__Initialize 0000000140002cdc     Kernel.obj
 0002:00000cf4       _unwind0Kernel_Kernel_Diagnostics_EarlySerial__IsTransmitEmpty 0000000140002cf4     Kernel.obj
 0002:00000d08       _unwind0Kernel_Kernel_Diagnostics_EarlySerial__AcquireLock 0000000140002d08     Kernel.obj
 0002:00000d1c       _unwind0Kernel_Kernel_Diagnostics_EarlySerial__ReleaseLock 0000000140002d1c     Kernel.obj
 0002:00000d30       _unwind0Kernel_Kernel_Diagnostics_EarlySerial__WriteCharInternal 0000000140002d30     Kernel.obj
 0002:00000d44       _unwind0Kernel_Kernel_Diagnostics_EarlySerial__WriteChar 0000000140002d44     Kernel.obj
 0002:00000d5c       _unwind0Kernel_Kernel_Diagnostics_EarlySerial__WriteInternal 0000000140002d5c     Kernel.obj
 0002:00000d7c       _unwind0Kernel_Kernel_Diagnostics_EarlySerial__Write 0000000140002d7c     Kernel.obj
 0002:00000d9c       _unwind0Kernel_Kernel_Diagnostics_EarlySerial__WriteLine 0000000140002d9c     Kernel.obj
 0002:00000dbc       _unwind0Kernel_Kernel_Diagnostics_EarlySerial__WriteLine_0 0000000140002dbc     Kernel.obj
 0002:00000dd4       _unwind0Kernel_Kernel_Diagnostics_EarlySerial__WriteHexInternal 0000000140002dd4     Kernel.obj
 0002:00000dec       _unwind0Kernel_Kernel_Diagnostics_EarlySerial__WriteHex 0000000140002dec     Kernel.obj
 0002:00000e04       _unwind0Kernel_Kernel_Diagnostics_EarlySerial__WriteDecInternal 0000000140002e04     Kernel.obj
 0002:00000e1c       _unwind0Kernel_Kernel_Diagnostics_EarlySerial__WriteDec 0000000140002e1c     Kernel.obj
 0002:00000e34       _unwind0Kernel_Kernel_Concurrency_Atomic__Increment 0000000140002e34     Kernel.obj
 0002:00000e34       _unwind0Kernel_Kernel_Concurrency_Atomic__Decrement 0000000140002e34     Kernel.obj
 0002:00000e4c       _unwind0Kernel_Kernel_Concurrency_Atomic__FetchAndAdd 0000000140002e4c     Kernel.obj
 0002:00000e64       _unwind0Kernel_Kernel_Concurrency_Atomic__MemoryBarrier 0000000140002e64     Kernel.obj
 0002:00000e74       _unwind0Kernel_Kernel_Concurrency_TicketSpinLock__Acquire 0000000140002e74     Kernel.obj
 0002:00000e90       _unwind0Kernel_Kernel_Concurrency_TicketSpinLock__Release 0000000140002e90     Kernel.obj
 0002:00000ea8       _unwind0Kernel_Kernel_Concurrency_SpinLockWithIrqSave__Acquire 0000000140002ea8     Kernel.obj
 0002:00000ec4       _unwind0Kernel_Kernel_Concurrency_SpinLockWithIrqSave__Release 0000000140002ec4     Kernel.obj
 0002:00000ee0       _unwind0Kernel_Kernel_Capabilities_Capability__get_IsNull 0000000140002ee0     Kernel.obj
 0002:00000efc       _unwind0Kernel_Kernel_Capabilities_CNode__Create 0000000140002efc     Kernel.obj
 0002:00000f10       _unwind0Kernel_Kernel_Capabilities_CNode__Set 0000000140002f10     Kernel.obj
 0002:00000f38       _unwind0Kernel_Kernel_Capabilities_CNode__Get 0000000140002f38     Kernel.obj
 0002:00000f54       _unwind0Kernel_Kernel_Capabilities_CSpace__LookupCapability 0000000140002f54     Kernel.obj
 0002:00000f78       _unwind0Kernel_Kernel_Boot_EfiMain__PrintScreen 0000000140002f78     Kernel.obj
 0002:00000fa4       _unwind0Kernel_Kernel_Boot_EfiMain__PrintHex 0000000140002fa4     Kernel.obj
 0002:00000fcc       _unwind0Kernel_Kernel_Boot_EfiMain__Main 0000000140002fcc     Kernel.obj
 0002:00001070       _unwind0Kernel_Kernel_Boot_ExitBootServicesHelper__Exit 0000000140003070     Kernel.obj
 0002:000010a4       _unwind0Kernel_Kernel_Boot_KernelHigh__IpcServerThread 00000001400030a4     Kernel.obj
 0002:000010c0       _unwind0Kernel_Kernel_Boot_KernelHigh__IpcClientThread 00000001400030c0     Kernel.obj
 0002:000010dc       _unwind0Kernel_Kernel_Boot_KernelHigh__NotifWorkerThread 00000001400030dc     Kernel.obj
 0002:000010f0       _unwind0Kernel_Kernel_Boot_KernelHigh__UnifiedReactorServerThread 00000001400030f0     Kernel.obj
 0002:0000110c       _unwind0Kernel_Kernel_Boot_KernelHigh__UnifiedAsyncNotifierThread 000000014000310c     Kernel.obj
 0002:00001120       _unwind0Kernel_Kernel_Boot_KernelHigh__UnifiedSyncSenderThread 0000000140003120     Kernel.obj
 0002:00001134       _unwind0Kernel_Kernel_Boot_KernelHigh__KernelMainHigh 0000000140003134     Kernel.obj
 0002:00001260       _unwind0Kernel_Kernel_Boot_UefiMemoryParser__GetMaxPhysicalAddress 0000000140003260     Kernel.obj
 0002:00001274       _unwind0Kernel_Kernel_Boot_UefiMemoryParser__FindLargestConventionalRegionBelow4G 0000000140003274     Kernel.obj
 0002:0000129c       _unwind0Kernel_Kernel_Arch_x86_64_Hardware_AcpiMadtParser__IsValidPhys 000000014000329c     Kernel.obj
 0002:0000129c       _unwind0Kernel_Kernel_Arch_x86_64_Hardware_AcpiPower__IsValidPhys 000000014000329c     Kernel.obj
 0002:000012b0       _unwind0Kernel_Kernel_Arch_x86_64_Hardware_AcpiMadtParser__Parse 00000001400032b0     Kernel.obj
 0002:00001310       _unwind0Kernel_Kernel_Arch_x86_64_Hardware_AcpiPower__Delay 0000000140003310     Kernel.obj
 0002:00001320       _unwind0Kernel_Kernel_Arch_x86_64_Hardware_AcpiPower__BlankScreen 0000000140003320     Kernel.obj
 0002:00001334       _unwind0Kernel_Kernel_Arch_x86_64_Hardware_AcpiPower__WriteGas 0000000140003334     Kernel.obj
 0002:00001348       _unwind0Kernel_Kernel_Arch_x86_64_Hardware_AcpiPower__ReadGas 0000000140003348     Kernel.obj
 0002:0000135c       _unwind0Kernel_Kernel_Arch_x86_64_Hardware_AcpiPower__FindFadt 000000014000335c     Kernel.obj
 0002:0000138c       _unwind0Kernel_Kernel_Arch_x86_64_Hardware_AcpiPower__Shutdown 000000014000338c     Kernel.obj
 0002:000013a8       _unwind0Kernel_Kernel_Arch_x86_64_Hardware_AcpiPower__ExecuteFadtShutdown 00000001400033a8     Kernel.obj
 0002:000013f8       _unwind0Kernel_Kernel_Arch_x86_64_Hardware_AcpiPower__FindS5InAml 00000001400033f8     Kernel.obj
 0002:00001420       _unwind0Kernel_Kernel_Arch_x86_64_Hardware_AcpiPower__ReadAmlInteger 0000000140003420     Kernel.obj
 0002:00001454       _unwind0Kernel_Kernel_Arch_x86_64_Hardware_AcpiPower__ExecuteFadtReset 0000000140003454     Kernel.obj
 0002:0000146c       _unwind0Kernel_Kernel_Arch_x86_64_Hardware_AcpiPower__Reboot 000000014000346c     Kernel.obj
 0002:00001488       _unwind0Kernel_Kernel_Arch_x86_64_Hardware_Cpu__ReadCr0 0000000140003488     Kernel.obj
 0002:000014ac       _unwind1Kernel_Kernel_Arch_x86_64_Hardware_Cpu__ReadCr0 00000001400034ac     Kernel.obj
 0002:000014ac       _unwind1Kernel_Kernel_Arch_x86_64_Hardware_Cpu__WriteCr0 00000001400034ac     Kernel.obj
 0002:000014ac       _unwind1Kernel_Kernel_Arch_x86_64_Hardware_Cpu__ReadCr3 00000001400034ac     Kernel.obj
 0002:000014ac       _unwind1Kernel_Kernel_Arch_x86_64_Hardware_Cpu__ReadCr2 00000001400034ac     Kernel.obj
 0002:000014ac       _unwind1Kernel_Kernel_Arch_x86_64_Hardware_Cpu__WriteCr3 00000001400034ac     Kernel.obj
 0002:000014ac       _unwind1Kernel_Kernel_Arch_x86_64_Hardware_Cpu__ReadCr4 00000001400034ac     Kernel.obj
 0002:000014ac       _unwind1Kernel_Kernel_Arch_x86_64_Hardware_Cpu__WriteCr4 00000001400034ac     Kernel.obj
 0002:000014ac       _unwind1Kernel_Kernel_Arch_x86_64_Hardware_Cpu__ReadMsr 00000001400034ac     Kernel.obj
 0002:000014ac       _unwind1Kernel_Kernel_Arch_x86_64_Hardware_Cpu__WriteMsr 00000001400034ac     Kernel.obj
 0002:000014ac       _unwind1Kernel_Kernel_Arch_x86_64_Hardware_Cpu__DisableInterrupts 00000001400034ac     Kernel.obj
 0002:000014ac       _unwind1Kernel_Kernel_Arch_x86_64_Hardware_Cpu__EnableInterrupts 00000001400034ac     Kernel.obj
 0002:000014ac       _unwind1Kernel_Kernel_Arch_x86_64_Hardware_Cpu__Invlpg 00000001400034ac     Kernel.obj
 0002:000014ac       _unwind1Kernel_Kernel_Arch_x86_64_Hardware_Cpu__ReadRflags 00000001400034ac     Kernel.obj
 0002:000014ac       _unwind1Kernel_Kernel_Arch_x86_64_Hardware_Cpu__RestoreRflags 00000001400034ac     Kernel.obj
 0002:000014ac       _unwind1Kernel_Kernel_Arch_x86_64_Hardware_Cpu__GetRsp 00000001400034ac     Kernel.obj
 0002:000014ac       _unwind1Kernel_Kernel_Arch_x86_64_Hardware_Cpu__GetRip 00000001400034ac     Kernel.obj
 0002:000014ac       _unwind1Kernel_Kernel_Arch_x86_64_Hardware_Cpu__SwitchToHigherHalf 00000001400034ac     Kernel.obj
 0002:000014ac       _unwind1Kernel_Kernel_Arch_x86_64_Hardware_Cpu__LoadGdt 00000001400034ac     Kernel.obj
 0002:000014ac       _unwind1Kernel_Kernel_Arch_x86_64_Hardware_Cpu__ReloadSegments 00000001400034ac     Kernel.obj
 0002:000014ac       _unwind1Kernel_Kernel_Arch_x86_64_Hardware_Cpu__LoadTss 00000001400034ac     Kernel.obj
 0002:000014ac       _unwind1Kernel_Kernel_Arch_x86_64_Hardware_Cpu__LoadIdt 00000001400034ac     Kernel.obj
 0002:000014ac       _unwind1Kernel_Kernel_Arch_x86_64_Hardware_Cpu__GetIsrThunkTable 00000001400034ac     Kernel.obj
 0002:000014ac       _unwind1Kernel_Kernel_Arch_x86_64_Hardware_Cpu__ContextSwitch 00000001400034ac     Kernel.obj
 0002:000014ac       _unwind1Kernel_Kernel_Arch_x86_64_Hardware_Cpu__GetSyscallEntry 00000001400034ac     Kernel.obj
 0002:000014ac       _unwind1Kernel_Kernel_Arch_x86_64_Hardware_Cpu__GetThreadStartTrampoline 00000001400034ac     Kernel.obj
 0002:000014ac       _unwind1Kernel_Kernel_Arch_x86_64_Hardware_Cpu__EnterUserMode 00000001400034ac     Kernel.obj
 0002:000014ac       _unwind1Kernel_Kernel_Arch_x86_64_Hardware_Cpu__SetSyscallKernelRsp 00000001400034ac     Kernel.obj
 0002:000014ac       _unwind1Kernel_Kernel_Arch_x86_64_Hardware_Cpu__GetUserThreadTrampoline 00000001400034ac     Kernel.obj
 0002:000014ac       _unwind1Kernel_Kernel_Arch_x86_64_Hardware_Cpu__XSetBv 00000001400034ac     Kernel.obj
 0002:000014ac       _unwind1Kernel_Kernel_Arch_x86_64_Hardware_Cpu__CpuPause 00000001400034ac     Kernel.obj
 0002:000014ac       _unwind1Kernel_Kernel_Arch_x86_64_Hardware_Cpu__AtomicIncrement32 00000001400034ac     Kernel.obj
 0002:000014ac       _unwind1Kernel_Kernel_Arch_x86_64_Hardware_Cpu__AtomicDecrement32 00000001400034ac     Kernel.obj
 0002:000014ac       _unwind1Kernel_Kernel_Arch_x86_64_Hardware_Cpu__AtomicExchange32 00000001400034ac     Kernel.obj
 0002:000014ac       _unwind1Kernel_Kernel_Arch_x86_64_Hardware_Cpu__AtomicFetchAndAdd32 00000001400034ac     Kernel.obj
 0002:000014ac       _unwind1Kernel_Kernel_Arch_x86_64_Hardware_Cpu__GetCurrentCoreIndex 00000001400034ac     Kernel.obj
 0002:000014ac       _unwind1Kernel_Kernel_Arch_x86_64_Hardware_Cpu__GetCurrentThread 00000001400034ac     Kernel.obj
 0002:000014ac       _unwind1Kernel_Kernel_Arch_x86_64_Hardware_Cpu__SetCurrentThread 00000001400034ac     Kernel.obj
 0002:000014ac       _unwind1Kernel_Kernel_Arch_x86_64_Hardware_Cpu__GetApEntry64 00000001400034ac     Kernel.obj
 0002:000014ac       _unwind1Kernel_Kernel_Arch_x86_64_Hardware_Cpu__SetApInitialStack 00000001400034ac     Kernel.obj
 0002:000014ac       _unwind1Kernel_Kernel_Arch_x86_64_Hardware_Cpu__GetApTrampolineBinary 00000001400034ac     Kernel.obj
 0002:000014ac       _unwind1Kernel_Kernel_Arch_x86_64_Hardware_Cpu__GetApTrampolineBinarySize 00000001400034ac     Kernel.obj
 0002:000014ac       _unwind1Kernel_Kernel_Arch_x86_64_Hardware_Cpu__CpuIdEcx 00000001400034ac     Kernel.obj
 0002:000014ac       _unwind1Kernel_Kernel_Arch_x86_64_Hardware_Cpu__Halt 00000001400034ac     Kernel.obj
 0002:000014ac       _unwind1Kernel_Kernel_Arch_x86_64_Hardware_Cpu__TripleFaultReset 00000001400034ac     Kernel.obj
 0002:000014ac       _unwind1Kernel_Kernel_Arch_x86_64_Hardware_PortIo__Out8 00000001400034ac     Kernel.obj
 0002:000014ac       _unwind1Kernel_Kernel_Arch_x86_64_Hardware_PortIo__In8 00000001400034ac     Kernel.obj
 0002:000014ac       _unwind1Kernel_Kernel_Arch_x86_64_Hardware_PortIo__Out16 00000001400034ac     Kernel.obj
 0002:000014ac       _unwind1Kernel_Kernel_Arch_x86_64_Hardware_PortIo__In16 00000001400034ac     Kernel.obj
 0002:000014ac       _unwind1Kernel_Kernel_Arch_x86_64_Hardware_PortIo__Out32 00000001400034ac     Kernel.obj
 0002:000014ac       _unwind1Kernel_Kernel_Arch_x86_64_Hardware_PortIo__In32 00000001400034ac     Kernel.obj
 0002:000014ac       _unwind1Kernel_Kernel_Arch_x86_64_Hardware_PortIo__IoWait 00000001400034ac     Kernel.obj
 0002:000014c4       _unwind0Kernel_Kernel_Arch_x86_64_Hardware_Cpu__WriteCr0 00000001400034c4     Kernel.obj
 0002:000014e8       _unwind0Kernel_Kernel_Arch_x86_64_Hardware_Cpu__ReadCr3 00000001400034e8     Kernel.obj
 0002:0000150c       _unwind0Kernel_Kernel_Arch_x86_64_Hardware_Cpu__ReadCr2 000000014000350c     Kernel.obj
 0002:00001530       _unwind0Kernel_Kernel_Arch_x86_64_Hardware_Cpu__WriteCr3 0000000140003530     Kernel.obj
 0002:00001554       _unwind0Kernel_Kernel_Arch_x86_64_Hardware_Cpu__ReadCr4 0000000140003554     Kernel.obj
 0002:00001578       _unwind0Kernel_Kernel_Arch_x86_64_Hardware_Cpu__WriteCr4 0000000140003578     Kernel.obj
 0002:0000159c       _unwind0Kernel_Kernel_Arch_x86_64_Hardware_Cpu__ReadMsr 000000014000359c     Kernel.obj
 0002:000015c4       _unwind0Kernel_Kernel_Arch_x86_64_Hardware_Cpu__WriteMsr 00000001400035c4     Kernel.obj
 0002:000015e8       _unwind0Kernel_Kernel_Arch_x86_64_Hardware_Cpu__DisableInterrupts 00000001400035e8     Kernel.obj
 0002:0000160c       _unwind0Kernel_Kernel_Arch_x86_64_Hardware_Cpu__EnableInterrupts 000000014000360c     Kernel.obj
 0002:00001630       _unwind0Kernel_Kernel_Arch_x86_64_Hardware_Cpu__Invlpg 0000000140003630     Kernel.obj
 0002:00001654       _unwind0Kernel_Kernel_Arch_x86_64_Hardware_Cpu__ReadRflags 0000000140003654     Kernel.obj
 0002:00001678       _unwind0Kernel_Kernel_Arch_x86_64_Hardware_Cpu__RestoreRflags 0000000140003678     Kernel.obj
 0002:0000169c       _unwind0Kernel_Kernel_Arch_x86_64_Hardware_Cpu__GetRsp 000000014000369c     Kernel.obj
 0002:000016c0       _unwind0Kernel_Kernel_Arch_x86_64_Hardware_Cpu__GetRip 00000001400036c0     Kernel.obj
 0002:000016e4       _unwind0Kernel_Kernel_Arch_x86_64_Hardware_Cpu__SwitchToHigherHalf 00000001400036e4     Kernel.obj
 0002:00001708       _unwind0Kernel_Kernel_Arch_x86_64_Hardware_Cpu__LoadGdt 0000000140003708     Kernel.obj
 0002:0000172c       _unwind0Kernel_Kernel_Arch_x86_64_Hardware_Cpu__ReloadSegments 000000014000372c     Kernel.obj
 0002:00001750       _unwind0Kernel_Kernel_Arch_x86_64_Hardware_Cpu__LoadTss 0000000140003750     Kernel.obj
 0002:00001774       _unwind0Kernel_Kernel_Arch_x86_64_Hardware_Cpu__LoadIdt 0000000140003774     Kernel.obj
 0002:00001798       _unwind0Kernel_Kernel_Arch_x86_64_Hardware_Cpu__GetIsrThunkTable 0000000140003798     Kernel.obj
 0002:000017bc       _unwind0Kernel_Kernel_Arch_x86_64_Hardware_Cpu__ContextSwitch 00000001400037bc     Kernel.obj
 0002:000017e0       _unwind0Kernel_Kernel_Arch_x86_64_Hardware_Cpu__DoSyscall 00000001400037e0     Kernel.obj
 0002:00001808       _unwind1Kernel_Kernel_Arch_x86_64_Hardware_Cpu__DoSyscall 0000000140003808     Kernel.obj
 0002:00001820       _unwind0Kernel_Kernel_Arch_x86_64_Hardware_Cpu__GetSyscallEntry 0000000140003820     Kernel.obj
 0002:00001844       _unwind0Kernel_Kernel_Arch_x86_64_Hardware_Cpu__GetThreadStartTrampoline 0000000140003844     Kernel.obj
 0002:00001868       _unwind0Kernel_Kernel_Arch_x86_64_Hardware_Cpu__EnterUserMode 0000000140003868     Kernel.obj
 0002:0000188c       _unwind0Kernel_Kernel_Arch_x86_64_Hardware_Cpu__SetSyscallKernelRsp 000000014000388c     Kernel.obj
 0002:000018b0       _unwind0Kernel_Kernel_Arch_x86_64_Hardware_Cpu__GetUserThreadTrampoline 00000001400038b0     Kernel.obj
 0002:000018d4       _unwind0Kernel_Kernel_Arch_x86_64_Hardware_Cpu__XSetBv 00000001400038d4     Kernel.obj
 0002:000018f8       _unwind0Kernel_Kernel_Arch_x86_64_Hardware_Cpu__EnableAvx 00000001400038f8     Kernel.obj
 0002:0000190c       _unwind0Kernel_Kernel_Arch_x86_64_Hardware_Cpu__CpuPause 000000014000390c     Kernel.obj
 0002:00001930       _unwind0Kernel_Kernel_Arch_x86_64_Hardware_Cpu__AtomicIncrement32 0000000140003930     Kernel.obj
 0002:00001954       _unwind0Kernel_Kernel_Arch_x86_64_Hardware_Cpu__AtomicDecrement32 0000000140003954     Kernel.obj
 0002:00001978       _unwind0Kernel_Kernel_Arch_x86_64_Hardware_Cpu__AtomicExchange32 0000000140003978     Kernel.obj
 0002:000019a0       _unwind0Kernel_Kernel_Arch_x86_64_Hardware_Cpu__AtomicFetchAndAdd32 00000001400039a0     Kernel.obj
 0002:000019c8       _unwind0Kernel_Kernel_Arch_x86_64_Hardware_Cpu__GetCurrentCoreIndex 00000001400039c8     Kernel.obj
 0002:000019ec       _unwind0Kernel_Kernel_Arch_x86_64_Hardware_Cpu__GetCurrentThread 00000001400039ec     Kernel.obj
 0002:00001a10       _unwind0Kernel_Kernel_Arch_x86_64_Hardware_Cpu__SetCurrentThread 0000000140003a10     Kernel.obj
 0002:00001a34       _unwind0Kernel_Kernel_Arch_x86_64_Hardware_Cpu__GetApEntry64 0000000140003a34     Kernel.obj
 0002:00001a58       _unwind0Kernel_Kernel_Arch_x86_64_Hardware_Cpu__SetApInitialStack 0000000140003a58     Kernel.obj
 0002:00001a7c       _unwind0Kernel_Kernel_Arch_x86_64_Hardware_Cpu__GetApTrampolineBinary 0000000140003a7c     Kernel.obj
 0002:00001aa0       _unwind0Kernel_Kernel_Arch_x86_64_Hardware_Cpu__GetApTrampolineBinarySize 0000000140003aa0     Kernel.obj
 0002:00001ac4       _unwind0Kernel_Kernel_Arch_x86_64_Hardware_Cpu__CpuIdEcx 0000000140003ac4     Kernel.obj
 0002:00001ae8       _unwind0Kernel_Kernel_Arch_x86_64_Hardware_Cpu__Halt 0000000140003ae8     Kernel.obj
 0002:00001b0c       _unwind0Kernel_Kernel_Arch_x86_64_Hardware_Cpu__TripleFaultReset 0000000140003b0c     Kernel.obj
 0002:00001b30       _unwind0Kernel_Kernel_Arch_x86_64_Hardware_Cpu__IsHypervisor 0000000140003b30     Kernel.obj
 0002:00001b4c       _unwind0Kernel_Kernel_Arch_x86_64_Hardware_CpuTopology__GetPerCpu 0000000140003b4c     Kernel.obj
 0002:00001b68       _unwind0Kernel_Kernel_Arch_x86_64_Hardware_CpuTopology__GetCore 0000000140003b68     Kernel.obj
 0002:00001b68       _unwind0Kernel_Kernel_Arch_x86_64_Hardware_CpuTopology__GetMailbox 0000000140003b68     Kernel.obj
 0002:00001b84       _unwind0Kernel_Kernel_Arch_x86_64_Hardware_CpuTopology__GetIdleThread 0000000140003b84     Kernel.obj
 0002:00001ba0       _unwind0Kernel_Kernel_Arch_x86_64_Hardware_CpuTopology__SetIdleThread 0000000140003ba0     Kernel.obj
 0002:00001bbc       _unwind0Kernel_Kernel_Arch_x86_64_Hardware_CpuTopology__InitializeBsp 0000000140003bbc     Kernel.obj
 0002:00001c30       _unwind0Kernel_Kernel_Arch_x86_64_Hardware_CpuTopology__RegisterCore 0000000140003c30     Kernel.obj
 0002:00001c48       _unwind0Kernel_Kernel_Arch_x86_64_Hardware_CpuTopology__GetCoreIndex 0000000140003c48     Kernel.obj
 0002:00001c5c       _unwind0Kernel_Kernel_Arch_x86_64_Hardware_CpuTopology__get_ActiveCoreCount 0000000140003c5c     Kernel.obj
 0002:00001c6c       _unwind0Kernel_Kernel_Arch_x86_64_Hardware_CpuTopology___cctor 0000000140003c6c     Kernel.obj
 0002:00001c7c       _unwind0Kernel_Kernel_Arch_x86_64_Hardware_VectorNotificationTable__get_Item 0000000140003c7c     Kernel.obj
 0002:00001c98       _unwind0Kernel_Kernel_Arch_x86_64_Hardware_VectorNotificationTable__set_Item 0000000140003c98     Kernel.obj
 0002:00001cb4       _unwind0Kernel_Kernel_Arch_x86_64_Hardware_VectorNotificationTable__GetBadge 0000000140003cb4     Kernel.obj
 0002:00001cd0       _unwind0Kernel_Kernel_Arch_x86_64_Hardware_VectorNotificationTable__SetBadge 0000000140003cd0     Kernel.obj
 0002:00001cec       _unwind0Kernel_Kernel_Arch_x86_64_Hardware_InterruptDispatcher__RegisterVector 0000000140003cec     Kernel.obj
 0002:00001d00       _unwind0Kernel_Kernel_Arch_x86_64_Hardware_InterruptDispatcher__DispatchInterrupt 0000000140003d00     Kernel.obj
 0002:00001d78       _unwind0Kernel_Kernel_Arch_x86_64_Hardware_LocalApic__Initialize 0000000140003d78     Kernel.obj
 0002:00001d8c       _unwind0Kernel_Kernel_Arch_x86_64_Hardware_LocalApic__InitializeAp 0000000140003d8c     Kernel.obj
 0002:00001da0       _unwind0Kernel_Kernel_Arch_x86_64_Hardware_LocalApic__GetId 0000000140003da0     Kernel.obj
 0002:00001db4       _unwind0Kernel_Kernel_Arch_x86_64_Hardware_LocalApic__WaitIcrDelivery 0000000140003db4     Kernel.obj
 0002:00001dc8       _unwind0Kernel_Kernel_Arch_x86_64_Hardware_LocalApic__SendInitIpi 0000000140003dc8     Kernel.obj
 0002:00001dc8       _unwind0Kernel_Kernel_Arch_x86_64_Hardware_LocalApic__SendInitDeassert 0000000140003dc8     Kernel.obj
 0002:00001ddc       _unwind0Kernel_Kernel_Arch_x86_64_Hardware_LocalApic__SendStartupIpi 0000000140003ddc     Kernel.obj
 0002:00001df0       _unwind0Kernel_Kernel_Arch_x86_64_Hardware_LocalApic__BroadcastIpi 0000000140003df0     Kernel.obj
 0002:00001e04       _unwind0Kernel_Kernel_Arch_x86_64_Hardware_LocalApic__SendEoi 0000000140003e04     Kernel.obj
 0002:00001e18       _unwind0Kernel_Kernel_Arch_x86_64_Hardware_LocalApic__ReadRegister 0000000140003e18     Kernel.obj
 0002:00001e28       _unwind0Kernel_Kernel_Arch_x86_64_Hardware_LocalApic__WriteRegister 0000000140003e28     Kernel.obj
 0002:00001e38       _unwind0Kernel_Kernel_Arch_x86_64_Hardware_PatManager__Initialize 0000000140003e38     Kernel.obj
 0002:00001e4c       _unwind0Kernel_Kernel_Arch_x86_64_Hardware_Pic8259__Disable 0000000140003e4c     Kernel.obj
 0002:00001e60       _unwind0Kernel_Kernel_Arch_x86_64_Hardware_PortIo__Out8 0000000140003e60     Kernel.obj
 0002:00001e84       _unwind0Kernel_Kernel_Arch_x86_64_Hardware_PortIo__In8 0000000140003e84     Kernel.obj
 0002:00001ea8       _unwind0Kernel_Kernel_Arch_x86_64_Hardware_PortIo__Out16 0000000140003ea8     Kernel.obj
 0002:00001ecc       _unwind0Kernel_Kernel_Arch_x86_64_Hardware_PortIo__In16 0000000140003ecc     Kernel.obj
 0002:00001ef0       _unwind0Kernel_Kernel_Arch_x86_64_Hardware_PortIo__Out32 0000000140003ef0     Kernel.obj
 0002:00001f14       _unwind0Kernel_Kernel_Arch_x86_64_Hardware_PortIo__In32 0000000140003f14     Kernel.obj
 0002:00001f38       _unwind0Kernel_Kernel_Arch_x86_64_Hardware_PortIo__IoWait 0000000140003f38     Kernel.obj
 0002:00001f5c       _unwind0Kernel_Kernel_Arch_x86_64_Hardware_SmpBootstrap__DelayMicroseconds 0000000140003f5c     Kernel.obj
 0002:00001f6c       _unwind0Kernel_Kernel_Arch_x86_64_Hardware_SmpBootstrap__DelayMilliseconds 0000000140003f6c     Kernel.obj
 0002:00001f7c       _unwind0Kernel_Kernel_Arch_x86_64_Hardware_SmpBootstrap__WakeApplicationProcessors 0000000140003f7c     Kernel.obj
 0002:00001fbc       _unwind0Kernel_Kernel_Arch_x86_64_Hardware_SmpBootstrap__ApStartupHandler 0000000140003fbc     Kernel.obj
 0002:00001fe8       _unwind0Kernel_Kernel_Arch_x86_64_Descriptors_Gdt__GetTable 0000000140003fe8     Kernel.obj
 0002:00002004       _unwind0Kernel_Kernel_Arch_x86_64_Descriptors_Gdt__GetPointer 0000000140004004     Kernel.obj
 0002:00002020       _unwind0Kernel_Kernel_Arch_x86_64_Descriptors_Gdt__Initialize 0000000140004020     Kernel.obj
 0002:00002034       _unwind0Kernel_Kernel_Arch_x86_64_Descriptors_Gdt__InitializeCore 0000000140004034     Kernel.obj
 0002:0000204c       _unwind0Kernel_Kernel_Arch_x86_64_Descriptors_Idt__Initialize 000000014000404c     Kernel.obj
 0002:00002068       _unwind0Kernel_Kernel_Arch_x86_64_Descriptors_TaskStateSegment__Initialize 0000000140004068     Kernel.obj
 0002:00002084       _unwind0Kernel_Kernel_Arch_x86_64_Descriptors_TaskStateSegment__SetRsp0 0000000140004084     Kernel.obj
 0002:00002098       _unwind0Microkernel_Abstractions_Microkernel_Abstractions_Initrd_InitrdParser__FindEntry 0000000140004098     Kernel.obj
 0002:000020c8       _unwind0IntPtr__op_Explicit 00000001400040c8     Kernel.obj
 0002:000020d8       _unwind0IntPtr___cctor     00000001400040d8     Kernel.obj
 0002:000020e4       _unwind0String__get_Length 00000001400040e4     Kernel.obj
 0002:000020fc       _unwind0String__get_Item   00000001400040fc     Kernel.obj
 0002:00002118       _unwind0MiniCoreLib_System_Runtime_CompilerServices_RuntimeHelpers__get_OffsetToStringData 0000000140004118     Kernel.obj
 0002:00002128       _unwind0Internal_CompilerGenerated__Module___NativeLibraryStartup 0000000140004128     Kernel.obj
 0003:00000000       __EagerCctor               0000000140005000     Kernel.obj
 0003:00000008       __typemanager_indirection  0000000140005008     Kernel.obj
 0003:00000018       __FrozenSegmentStart       0000000140005018     Kernel.obj
 0003:00000020       __Str_                     0000000140005020     Kernel.obj
 0003:00000038       __Str____B7F560303EE2CCA55615B53FCFF87C6AB2C55F9E71A6CEA93C61B572213E7075 0000000140005038     Kernel.obj
 0003:00000058       __Str____1_8__Booting_SharpMetal_x86_D112F0B9C45F8EF736C0DFD86D252080F6F59B584518E9950A4BB5C27349CCFF 0000000140005058     Kernel.obj
 0003:000000d8       __Str___869F1DFB999A452F497A4CF7F44DB2D6EE661F74A9E7E05251BC1420E50672D4 00000001400050d8     Kernel.obj
 0003:000000f0       __Str____Bare_Metal_x86_64_C__Microk_41BB61A084DFCC02C1B19D3F86C7D3DCAAAA0A97014243AB5D18D5316F17F75A 00000001400050f0     Kernel.obj
 0003:00000188       __Str____Layer_2__Higher_Half_Transi_8E57FC474D75175A7766C72656A94AFA9725F1BD0C9D19765B9456996E49BEA5 0000000140005188     Kernel.obj
 0003:00000220       __Str____Layer_3__Hardware_Descripto_D86FFE6CA4BFC57F24323072A8DA3E452FD3EE2BCA19E038F1FDFC94D6DCA374 0000000140005220     Kernel.obj
 0003:000002b8       __Str____Layer_4__Threading__Preempt_B6FBC0BD6A309BF370A5A07A4D6BBB7ADB32FDFB52D5742C5600519101A4845F 00000001400052b8     Kernel.obj
 0003:00000350       __Str____Layer_5___6__Capability_Spa_97B9755CFF27B188442F666166D9932BC3E91A8DE22924D6F561DED696A6A6B3 0000000140005350     Kernel.obj
 0003:000003e8       __Str____Layer_7__Userland_Bootstrap_7D49468E8189F75639CCAC071CBF74DA7852003C38E7239BE1B9D412F458EF86 00000001400053e8     Kernel.obj
 0003:00000480       __Str___RAX___98E8FCEDF245ED67876D05E91863B76A266E705817D95DCA2E9C5FC6D4AD16FC 0000000140005480     Kernel.obj
 0003:000004a8       __Str___RBP___AA98A679BD603F6196B1D0FFAC6D9F992025540A0EC026E4B04DF21079A76B0A 00000001400054a8     Kernel.obj
 0003:000004d0       __Str___Stack_dump_at_RSP___D90F6ACEA2B3DA6A4230D1B7615AA48EC6BF708FA421B490510C70D7397576D9 00000001400054d0     Kernel.obj
 0003:00000510       __Str___APIC_ID__EA3AF87181B6DC1E9903CE8037E97537BC3B5488C4692648FD11734DBB049382 0000000140005510     Kernel.obj
 0003:00000540       __Str___PA4___DA84FD0B97B3B7742715FC4B0A29A241B4C8BC45E633E8C772FE34BBB67BBCD3 0000000140005540     Kernel.obj
 0003:00000568       __Str____APIC_ID___B9FAD43D1CC377816BD383F9DE9B3E1F316FCA81F8A75C44764922492108EE7F 0000000140005568     Kernel.obj
 0003:00000598       __Str__B__F735E63B971605801DA82B022C575A2DF1D75022A2F8B1A29EDF8B100BF6CFC9 0000000140005598     Kernel.obj
 0003:000005b8       __Str__CR2___C03404CAB9660B566E6C8E62C089C48D1D7B3D1A09DBA7D728F149DD57D34846 00000001400055b8     Kernel.obj
 0003:000005e0       __Str__CS___440EFA272DBA4BBD7F5C3D4EE8849675914555EF0854DF18F3EE4135B030C065 00000001400055e0     Kernel.obj
 0003:00000600       __Str__Core___14E84BD670CB413D279D6A384277402EAE1555B19011E56B6EBA97061F815EA4 0000000140005600     Kernel.obj
 0003:00000628       __Str__ErrorCode___BD7D1919F479156581964BA655E70D13E93BCFFA49749693E1EDB90C79541B71 0000000140005628     Kernel.obj
 0003:00000658       __Str__LAPIC_Address__0x_B614E7FB4FDA04B09710B727242490180BE411D78085A8A1682464E5A228CF6A 0000000140005658     Kernel.obj
 0003:00000698       __Str__PM1b__0x_8DE86AFA3BDB7325D03DD5489C19DE40A016C77F2E0E1822A8BB1466A5C67851 0000000140005698     Kernel.obj
 0003:000006c0       __Str__RBX___3641D6BEF15B4C9B30FA250858B644646B64DE76717ABEBFB841FA5A658B0EBE 00000001400056c0     Kernel.obj
 0003:000006e8       __Str__RCX___586A7E1BB2AD4D47E815C74DAE311B7CF5174C5EB3EE6F4DA1B769213BA33452 00000001400056e8     Kernel.obj
 0003:00000710       __Str__RDI___69708B7ABBA9A63CC295F2DD0DACABCA80A9BE8971C7CC687A9DC474BE8E815C 0000000140005710     Kernel.obj
 0003:00000738       __Str__RDX___01696EBCDA6785017CD1A9F96EE137808C91B7FB63A8455A76F4E061C5598905 0000000140005738     Kernel.obj
 0003:00000760       __Str__RFLAGS___4987E2ED8737488BF92A38E906273728EB2F1B85AFA4C14830A4CD0EAD9FBEEE 0000000140005760     Kernel.obj
 0003:00000788       __Str__RIP___3AE5C60C061C02DF1DB34C308E9F11520E335CDD1305F302B51D0EE3E8A1BE90 0000000140005788     Kernel.obj
 0003:000007b0       __Str__RSI___0F493E9D68AB96EF1CFC05615FA7E908FC6DE68CCCCB2CB6889F425E2919CBAE 00000001400057b0     Kernel.obj
 0003:000007d8       __Str__RSP___119DE2C0E06E1CFE841560AD5CCDD98B0F3617211880DAF33D585509824E01E4 00000001400057d8     Kernel.obj
 0003:00000800       __Str__SLEEP_CTRL__Present_3ECEECBC1B6FC571637A6FD9A579E281F0906B1716D51A277D40E94B2B937A64 0000000140005800     Kernel.obj
 0003:00000840       __Str__TID___1913C2A2BFFDE78BDB1DC6B5F781B006F4FE110C0323D6C666793CEEDB414453 0000000140005840     Kernel.obj
 0003:00000868       __Str___Enabled__53C2AF59F3C1A3049CE7209AD8837D1814212D6FEB97D81B47E7A0FB6D0A3A7E 0000000140005868     Kernel.obj
 0003:00000898       __Str___OnlineCapable__81F8D3A39464E72624FBA48A12D63FF2314B3D096981410F2251FBAF89F0C03A 0000000140005898     Kernel.obj
 0003:000008d0       __Str__boot_timeout__A14EFD34D364351CEBE9EC6A7660644540209CDC9BF5CC199C1A12E4EC4CC357 00000001400058d0     Kernel.obj
 0003:00000908       __Str__cores_synchronized_and_operat_6A03D19C5C20C481345C32BB88D645B6F6A6961911643771D60C8D240984B460 0000000140005908     Kernel.obj
 0003:00000968       __Str__successfully_booted_and_repor_2E68E12A960374CF8ECD9ED01D041D37ABCD5143ED4820631F8760EF87761277 0000000140005968     Kernel.obj
 0003:000009d0       __Str___7C186033295A11388EB388A21E6E25AD05E9B6C45CD3C403DC3FAE8A2D19516E 00000001400059d0     Kernel.obj
 0003:000009e8       __Str___online_and_ready__17CB8EB7CCB74BC84AAAD43C4AA4ADFD723A836D0650E282BB39A081C0D55788 00000001400059e8     Kernel.obj
 0003:00000a28       __Str___with_User_bit_enabled__69270DCE7E43269BE596903397C8C48AE12DD763CF82DFC6604697CAC89CADAC 0000000140005a28     Kernel.obj
 0003:00000a70       __Str______727B7575380EB30326A33D36E630C38B82D6C858B613ED8636E15F58FFB90A72 0000000140005a70     Kernel.obj
 0003:00000a90       __Str___UID___8B35178F02251AF68005CC8376C1D60D29C9D4D0694CB318122D4CBF0FE8CBAC 0000000140005a90     Kernel.obj
 0003:00000ab8       __Str__0x_FE28E49AFDC968306E74CA85C02CC9BB561359BFCB7774E8E2B7AC1B18E53B5F 0000000140005ab8     Kernel.obj
 0003:00000ad8       __Str__0xFEED_77173ADEF85A7C5630E8C9D3EF7BF5C115CF0FA8DC06E72C74EBC4B6F5EC66E2 0000000140005ad8     Kernel.obj
 0003:00000b00       __Str________________________________65A7F2B7248C279E67173475F348FF41F97BD32AE2AA6B1D312F7FD6EDB28329 0000000140005b00     Kernel.obj
 0003:00000b98       __Str_EFI_BOOT_INITRD_IMG__7F2D9853FBE6FC84A7C0FD5080EB3D946A0190F865829C9390A55011161AE280 0000000140005b98     Kernel.obj
 0003:00000bd8       __Str_NOT_FOUND____98B96FF2F60ABD2904CF2C48B433E953748646E0A239AA11E767630E1A278E39 0000000140005bd8     Kernel.obj
 0003:00000c08       __Str__2_8__Locating_UEFI_GOP_Frameb_A52D8AB14AFE572B08EFD90CDBAA052E7E921959CE90A89277C5B69D9A7073F7 0000000140005c08     Kernel.obj
 0003:00000c70       __Str__3_8__Loading_INITRD_IMG_from__CB61C3388B64896EA92B173621235AE05CD377F2117A313F7773E6539BC3E4ED 0000000140005c70     Kernel.obj
 0003:00000ce8       __Str__4_8__Locating_ACPI_RSDP_______EBCA6FA610BEFCC88C01807D33EF49A4D8C37E24450822413130BD0F48FC5C40 0000000140005ce8     Kernel.obj
 0003:00000d40       __Str__5_8__Querying_Memory_Map___PM_4E5F83F6050D1381750E6649940C6A63F49B144950E015E174306254500A67EC 0000000140005d40     Kernel.obj
 0003:00000da0       __Str__6_8__Building_4_Level_Page_Ta_AEFC8E105048B34813EA383974470E7CCD0C168E779397C2213641641FAC41E0 0000000140005da0     Kernel.obj
 0003:00000e08       __Str__7_8__Programming_IA32_PAT_MSR_5A57B9A03D4CA155A7B08514FC2B8090709D083AF2C622E7F17FFB0D77BC4ED3 0000000140005e08     Kernel.obj
 0003:00000e68       __Str__8_8__Calling_ExitBootServices_9490A79914878C83EA612EC4F45CA9DB9664AA9EEC58B0313DDB99F8EB462BAD 0000000140005e68     Kernel.obj
 0003:00000ef0       __Str__ACPI__Could_not_locate_RSDT_X_E109232AEDDF1C33811C71B77BE8AE962ED1A9EF90A18ED9C3156113666708EE 0000000140005ef0     Kernel.obj
 0003:00000f58       __Str__ACPI__Discovered_Core__0025560EF28C19BDA84B90FC7A1366DF5F70F1F3918E415FD6719E80D8CE914E 0000000140005f58     Kernel.obj
 0003:00000fa0       __Str__ACPI__Enabling_ACPI_mode_via__2246008798C482A34BB06C7C6DE11EB5412191E826E6D335B60BEFF500596AE0 0000000140005fa0     Kernel.obj
 0003:00001008       __Str__ACPI__Found_MADT_at_length___5240F83141513D5C199007A989D78AA987CAF44DA7CA04B709AC2BE25F223C38 0000000140006008     Kernel.obj
 0003:00001058       __Str__ACPI__Found__S5__sleep_state__E41DB63A0FB7A755597BD76DA814F1F6FF6553CC721F337EF08EE2E0DD9D309F 0000000140006058     Kernel.obj
 0003:000010c0       __Str__ACPI__Initiating_system_shutd_4C6E2C0D9E7FB5FAB0B884890FD0DFE4BEA5DCE15E9A2F22EA8FC4D70CB875DE 00000001400060c0     Kernel.obj
 0003:00001140       __Str__ACPI__Invalid_RSDP_physical_b_B2623993E59A6C2A2038C9346F61D08AC8F24F306C9D265FC8DEECA9A2E90111 0000000140006140     Kernel.obj
 0003:000011b0       __Str__ACPI__Invalid_RSDP_signature__D0780C238BC7D3D6AB4040F095E4AE26E46F0161A31F9A4B0D45740D2DFC71E3 00000001400061b0     Kernel.obj
 0003:00001208       __Str__ACPI__Locating_and_parsing_Mu_1B9D0D3F18148F8C51BB6CA1609DF7E738A1F9C56561ADC6A502BE933CAEC18B 0000000140006208     Kernel.obj
 0003:000012a8       __Str__ACPI__MADT___APIC___table_not_DC6E8091FD2775423803E39872CB0CFA078ADFE9712EB62385CFF73A0A7DBB15 00000001400062a8     Kernel.obj
 0003:00001308       __Str__ACPI__MADT_enumeration_comple_53DD08277A2C616F117C42A808FDA76FC079051A63C265A5AA7C014BC941907E 0000000140006308     Kernel.obj
 0003:00001398       __Str__ACPI__PM1a__0x_05809648A676B51B24FFC7EE7025C3B5277C27E24C47A6E1A7B9802E2AAEB6BB 0000000140006398     Kernel.obj
 0003:000013d0       __Str__ACPI__Root_table_signature_is_D1E0EF5D9A74216E6E2EF483709F61E1680AD2BEDA13CE8D0225E86CD6DA89EA 00000001400063d0     Kernel.obj
 0003:00001450       __Str__ACPI__S5_Sleep_Types__A__C6705DEE57DEB16816633807289178B169F3492D1DD30357297016743676CD61 0000000140006450     Kernel.obj
 0003:00001498       __Str__ACPI__Shutdown_sequence_compl_928421EC3A245CA1FD398619BE4A7149BF9EFDF6D763CC0B82D00E99F9455B83 0000000140006498     Kernel.obj
 0003:00001510       __Str__ACPI__Triggering_FADT_RESET_R_A9504477B44C3C3E95DF1A687A06712AAACE9BF1FA0DF60761A12C38FFDF0725 0000000140006510     Kernel.obj
 0003:00001570       __Str__ACPI__Triggering_SLEEP_CONTRO_56EECA9ABEFE77CA6DB1CD609020C5895A751246ADFD1B13E0B4ED713F2054E9 0000000140006570     Kernel.obj
 0003:000015d8       __Str__ADDR__Kernel_Physical_Entry___C88476CC35B0DBC4905A2931FECD5D9639CCF359C4BBBA7551A8C305B931E570 00000001400065d8     Kernel.obj
 0003:00001630       __Str__CLIENT__Received_Reply___B91D2C4C4EDDA6A501FEFC0FAB369E61EA9ED4CCDEE87B682BEFE5EF3596C442 0000000140006630     Kernel.obj
 0003:00001678       __Str__CPU__CR4_OSXSAVE_enabled__XCR_361A2FA42310C772C4B791165B50BFA68A7F9DA79B94FDAE634941604BF0B847 0000000140006678     Kernel.obj
 0003:00001710       __Str__CSPACE__Kernel_capability_tab_322B52610FE58CC63BD896EBE5C24BC0262701E21CDED64E758E4283E96E1CCF 0000000140006710     Kernel.obj
 0003:00001780       __Str__ERROR__Could_not_locate_roott_219E3CB1C87E9B705D3DA035C7597B657B85758B880FDD5321F6AC14DB27D637 0000000140006780     Kernel.obj
 0003:00001800       __Str__FAIL__Concurrent_frame_alloca_6BBF7DE1D6D96C6F14FD00067BBE0D52F05ABFCD68A75B3D75BD06228CA8153A 0000000140006800     Kernel.obj
 0003:00001870       __Str__FAIL__Framebuffer_virtual_add_445E32958C638D50E762706BF53C14FE3FC97EF4AF10A5C5B54C86053A705BFE 0000000140006870     Kernel.obj
 0003:000018f0       __Str__FAIL__PAT_PA4_is_not_configur_9145E7F6FCB03C757A8F1F5632A6014A935D31379520AE19F31DA408DFDFF9B5 00000001400068f0     Kernel.obj
 0003:00001970       __Str__FAIL__RIP_is_not_in_higher_ha_55E0D447CAB3412925AD8D4CC75C5075EF1B0023397F45FABC1B03C12529CB5E 0000000140006970     Kernel.obj
 0003:000019d8       __Str__FAIL__RSP_is_not_in_higher_ha_583F799468AD7857724048067D4AE2C8FAB0F16145104B18539670846BF42838 00000001400069d8     Kernel.obj
 0003:00001a40       __Str__FATAL_ERROR__ExitBootServices_138804F5E52E6B54C782EDF4EA8CB24EA25F343BD9D6B45530E71B3FEA2D22BC 0000000140006a40     Kernel.obj
 0003:00001aa8       __Str__FATAL__Invalid_UEFI_BootServi_3E063A9851662F51625A9F7451CE77BF16E281C10D453F8E02010C6FACF61BB4 0000000140006aa8     Kernel.obj
 0003:00001b08       __Str__FAULT__Kernel_Panic_Vector___2CF6A07CAD018E445B3AD4226B528D456D1646502CBC247E2759809A3176C9B7 0000000140006b08     Kernel.obj
 0003:00001b58       __Str__FAULT__Ring_3_Exception_Vecto_6B6A19443A9F1CC0641CC2B2396D25A122C391BF305D563E20BE83DFA3E3F6BA 0000000140006b58     Kernel.obj
 0003:00001bb0       __Str__GOP__Framebuffer_HHDM_Virtual_E8934712EE661B8790BB7AC07D841F9A930CF4083F067DB592B4AB15B1B22318 0000000140006bb0     Kernel.obj
 0003:00001c10       __Str__GOP__Framebuffer_Physical_Bas_743B303AA1437FD32865361ECD90B567DA176F892EEFA7686D98C87CF3472FB6 0000000140006c10     Kernel.obj
 0003:00001c68       __Str__HIGH__Active_Page_Directory_C_145ADA5E5B3FA727E8FFFD5D0402852ACAB18412501783B757CD3D9EBE63AC2B 0000000140006c68     Kernel.obj
 0003:00001cc8       __Str__HIGH__KernelMainHigh_entered__9EF48EBB29D0B3CA35F96B4207219919525989D6C960B455D619D65C901B735F 0000000140006cc8     Kernel.obj
 0003:00001d30       __Str__HIGH__Stack_Pointer_RSP___8456F9BC1DD86B94219D8764D90FC7B427075820B9610FD9BAD7DE4EF15F813D 0000000140006d30     Kernel.obj
 0003:00001d80       __Str__IPC__Testing_Synchronous_Rend_46EC1923A890E5606D9BF114841F3520AE27DDAF1C819DB56684289A38D2F43F 0000000140006d80     Kernel.obj
 0003:00001e18       __Str__MSR__STAR__LSTAR__FMASK_confi_8C07B962F7BCB4A81AB6F72C68025C5CFA6A8B7EDB52868A2A3406090C392979 0000000140006e18     Kernel.obj
 0003:00001ea0       __Str__NOTIF__Received_badge_bitmask_617484EBD7FEBD016B27245259C11E936E447853678A22611FFB0BB4897B2872 0000000140006ea0     Kernel.obj
 0003:00001ef8       __Str__NOTIF__Testing_64_bit_Asynchr_9A41385E7B794D0194760FE0997DA7A7FF451B53B4C5E869DE970C13C9FA50DC 0000000140006ef8     Kernel.obj
 0003:00001f78       __Str__PASS__Broadcast_IPI_TLB_shoot_62140047CA78000A14FDDB11C179F98F90CC26F4C2CBBFF9C35DCC6FE294019A 0000000140006f78     Kernel.obj
 0003:00002018       __Str__PASS__Concurrent_zero_alloc_p_DBF97BA527F1BA3FF43A345EE8360D6ACED0B2B592A667249D960FAC4B1EC1C4 0000000140007018     Kernel.obj
 0003:000020b8       __Str__PASS__Framebuffer_accessed_st_6D7A6216603D1050F158602C0E8EFEBB656CA35AF9FA69FA00BAB8F804AEE44B 00000001400070b8     Kernel.obj
 0003:00002170       __Str__PASS__PAT_PA4_Write_Combining_9A8462DFA7BD42E2B977664960C3293C56C74906FE2C4D44450FEBC031C017A0 0000000140007170     Kernel.obj
 0003:000021d8       __Str__PASS__Phase_5_unified_wait_re_DC2022F2DF59F32BB7F01FEE1D61331BB648FED152188A2023C2A320F846CAEE 00000001400071d8     Kernel.obj
 0003:00002248       __Str__PASS__Verified_RIP____Hhdm_Ba_73D2F41D140DD7FEE4AA6AEFD7D1446C64A33B302FE8D73B650DB051B56AAB91 0000000140007248     Kernel.obj
 0003:000022d0       __Str__PASS__Verified_RSP_is_16_byte_CF69F8C5840A1BDC880BD04A087139590C09483B70F6ADE372D7A4048BF7CACC 00000001400072d0     Kernel.obj
 0003:00002360       __Str__PAT__IA32_PAT_MSR__0x277____CE3D55D80ABE52D102931BD56ACD5D6B96F0C9E69774362FE80795918F1A32C9 0000000140007360     Kernel.obj
 0003:000023b0       __Str__PMM__PageFrameAllocator_initi_197C79067B1EC4381FCF3904B7D512816E2FCC32277DA7DBA37651581C3A16AB 00000001400073b0     Kernel.obj
 0003:00002430       __Str__RESET__Attempting_hardware_sy_EC30B2D9F0D2844D582CAFFEEBCA374AA8DE263EEFB8F32CDB07D727CA952BA7 0000000140007430     Kernel.obj
 0003:000024a0       __Str__RESET__Triggering_CPU_Triple__F5491DFFA310255803F788858D9C57E9F63A2CDF9EEFB47B251EA54100C26024 00000001400074a0     Kernel.obj
 0003:00002510       __Str__ROOTTASK__Initial_root_CNode__5F6626EF37B67C43D8C45079C965855EAA2B7D038079F5B0A6C89C48CCD1CC69 0000000140007510     Kernel.obj
 0003:000025b0       __Str__ROOTTASK__Invoked_capability__A23188C1D4155EC4146E199FFDCA601A8C97B9A9F161F9E44FA70688F51C8952 00000001400075b0     Kernel.obj
 0003:00002640       __Str__ROOTTASK__User_address_space__7B02E8E896B5A8F7C8BE56F773E22719BDC385E7E0252A125FA696FD52AC8FDB 0000000140007640     Kernel.obj
 0003:000026b8       __Str__SCHED__Scheduler_initialized__BB92D059A99FCBE4D656338359F1779A7CC167BCCFD25EC116663D6C77802926 00000001400076b8     Kernel.obj
 0003:00002748       __Str__SERVER__Received_payload__0xC_6F5633424038EA59644730C96BD6EBD6CB7B06DAFEDD38AB5D5F86E879E5A3E2 0000000140007748     Kernel.obj
 0003:000027d0       __Str__SLAB__Allocator_initialized_a_50FE819F518654C3BBF96C542421357C5D4600BF08331FF759EB03C7433D310A 00000001400077d0     Kernel.obj
 0003:00002868       __Str__SMP___86181429478069A327AE3DFE36738D27313E53A0C068A37EBF56CF348CD1BC06 0000000140007868     Kernel.obj
 0003:00002890       __Str__SMP__AP_Core__F909CD8AF6A82B22839A7879E1A0B24C60180106F01AFF6AF5608F15798D12F7 0000000140007890     Kernel.obj
 0003:000028c8       __Str__SMP__Booting_AP_Core__ADC56006CB957449EA22006CD7C37B8CBD4879DBA40BB4AA04CECA60D17EE232 00000001400078c8     Kernel.obj
 0003:00002910       __Str__SMP__Initiating_Application_P_F60F791748EB88FB6605D4B9D33CCB3CA441EBC8741F6D281EE207922532193E 0000000140007910     Kernel.obj
 0003:000029a8       __Str__SMP__Running_concurrent_multi_D4FA5420A75EA4501732E4080C80F2404E1D2A26BBFDF22B059501F19785B211 00000001400079a8     Kernel.obj
 0003:00002a48       __Str__SMP__Unmapping_low_trampoline_BCE1732646EEEBD06E61D222011BD1036A9989511F3878CBC24692495E81B6A7 0000000140007a48     Kernel.obj
 0003:00002af8       __Str__SMP__Verifying_broadcast_IPI__A6B79633FC3C07874992815C9114714F6720B2DD62149761606A4750FFF71202 0000000140007af8     Kernel.obj
 0003:00002b78       __Str__STEP_1__Loading_GDT____C6D342A5911C7C294018CF9F1932183F4D17A8534B240017734AC227A3AE07C4 0000000140007b78     Kernel.obj
 0003:00002bc0       __Str__STEP_2__Reloading_Segments__C_95B460C4A2BAFEBE3AB6635E2841A0C9DE1728D32726170F9C77B31D420B7F83 0000000140007bc0     Kernel.obj
 0003:00002c38       __Str__STEP_3__Loading_TSS__0x28_____C6A9F9A64FD0C223435DEEB3300349EE22215DE3988458A5AF3D994D642455EF 0000000140007c38     Kernel.obj
 0003:00002c90       __Str__STEP_4__Loading_IDT__256_gate_9F57702AD2E279BB2ECC29AD732D92472A42A5B6009E84B8CC8DDFA21DF447C7 0000000140007c90     Kernel.obj
 0003:00002cf0       __Str__STEP_5__Initializing_Slab_All_B9CA512DB33458FACE41BE994B3C0EB6C204C16C2EF1C034C66283544B384BE0 0000000140007cf0     Kernel.obj
 0003:00002d58       __Str__STEP_6__Masking_8259_PIC____979ADD69291E2E25816358792B54DC0E0E4205F164DEED60F4849756AF23CEBE 0000000140007d58     Kernel.obj
 0003:00002da8       __Str__STEP_7__Initializing_Local_AP_2FE0590E24205F0F69A70442964026F479C825AEDC2E22FA450C8F1C1F3831C4 0000000140007da8     Kernel.obj
 0003:00002e10       __Str__SUCCESS__Phase_9_fully_operat_74E46C328DB955972F20FB65278551ADD26AC53F4817CCFA5CB5A6EFA2E0C63E 0000000140007e10     Kernel.obj
 0003:00002ec0       __Str__TRANSITION__Dropping_to_Ring__4F3EC7B37858869BB5E477FFDE7926E368EBF1069317E861C52E5AEB5BD76AE4 0000000140007ec0     Kernel.obj
 0003:00002f48       __Str__UNIFIED__Successfully_handled_ADC8A847611EED2915A0CE2FE9709E40229F0C65A9B8CF0A2AA02945C397ECFF 0000000140007f48     Kernel.obj
 0003:00002fd0       __Str__UNIFIED__Successfully_handled_1EDE8C4B82FCBCA50F74F2729F8F08394A2FBCE1455FD4BC3737142930F15DC8 0000000140007fd0     Kernel.obj
 0003:00003050       __Str__UNIFIED__Testing_sys_recv_any_771998EA86B73912E9773F421549CC7B0E684B7F7706F79265B4BA0AD045CA27 0000000140008050     Kernel.obj
 0003:000030d0       __Str__WARN__Framebuffer_base_or_siz_CBDD3135D8DCF4D9D0603A974370734CB48C4F62773E5B776696C9CA8B48175D 00000001400080d0     Kernel.obj
 0003:00003160       __Str_roottask             0000000140008160     Kernel.obj
 0003:00003190       __InterfaceDispatchCellSection_Start 0000000140008190     Kernel.obj
 0003:00003190       __module_initializers      0000000140008190     Kernel.obj
 0003:00003190       __security_cookie          0000000140008190     Entry.obj
 0003:000031a0       ApInitialStacks            00000001400081a0     Entry.obj
 0003:00003220       isr_thunk_table            0000000140008220     IsrTrampolines.obj
 0003:00003a20       ?__NONGCSTATICS@Kernel_Kernel_Scheduling_Scheduler@@ 0000000140008a20     Kernel.obj
 0003:00003ae8       ?__NONGCSTATICS@Kernel_Kernel_Memory_Virtual_SmpTlbShootdown@@ 0000000140008ae8     Kernel.obj
 0003:00003b48       ?__NONGCSTATICS@Kernel_Kernel_Memory_Virtual_VirtualMemorySpace@@ 0000000140008b48     Kernel.obj
 0003:00003b50       ?__NONGCSTATICS@Kernel_Kernel_Memory_Physical_DmaArenaAllocator@@ 0000000140008b50     Kernel.obj
 0003:00003b68       ?__NONGCSTATICS@Kernel_Kernel_Memory_Physical_PageFrameAllocator@@ 0000000140008b68     Kernel.obj
 0003:00003bc8       ?__NONGCSTATICS@Kernel_Kernel_Memory_Heap_SlabAllocator@@ 0000000140008bc8     Kernel.obj
 0003:00003d08       ?__NONGCSTATICS@Kernel_Kernel_Diagnostics_EarlySerial@@ 0000000140008d08     Kernel.obj
 0003:00003d4c       ?__NONGCSTATICS@Kernel_Kernel_Boot_EfiMain@@ 0000000140008d4c     Kernel.obj
 0003:0084cd50       ?__NONGCSTATICS@Kernel_Kernel_Boot_KernelHigh@@ 0000000140851d50     Kernel.obj
 0003:00851220       ?__NONGCSTATICS@Kernel_Kernel_Arch_x86_64_Hardware_AcpiPower@@ 0000000140856220     Kernel.obj
 0003:00851228       ?__NONGCSTATICS@Kernel_Kernel_Arch_x86_64_Hardware_CpuTopology@@ 0000000140856228     Kernel.obj
 0003:00851fb8       ?__NONGCSTATICS@Kernel_Kernel_Arch_x86_64_Hardware_InterruptDispatcher@@ 0000000140856fb8     Kernel.obj
 0003:00852d00       ?__NONGCSTATICS@Kernel_Kernel_Arch_x86_64_Hardware_LocalApic@@ 0000000140857d00     Kernel.obj
 0003:00852d08       ?__NONGCSTATICS@Kernel_Kernel_Arch_x86_64_Descriptors_Gdt@@ 0000000140857d08     Kernel.obj
 0003:008531ca       ?__NONGCSTATICS@Kernel_Kernel_Arch_x86_64_Descriptors_Idt@@ 00000001408581ca     Kernel.obj
 0003:008541d8       ?__NONGCSTATICS@Kernel_Kernel_Arch_x86_64_Descriptors_TaskStateSegment@@ 00000001408591d8     Kernel.obj
 0003:008541e0       ?__NONGCSTATICS@IntPtr@@   00000001408591e0     Kernel.obj
 0003:008541e8       __writableDataObject       00000001408591e8     Kernel.obj
 0003:008541f0       __writableDataString       00000001408591f0     Kernel.obj
 0005:00000000       Kernel_Kernel_Scheduling_MlfqQueue__Enqueue 000000014085b000     Kernel.obj
 0005:00000070       Kernel_Kernel_Scheduling_MlfqQueue__Dequeue 000000014085b070     Kernel.obj
 0005:00000100       Kernel_Kernel_Scheduling_MlfqQueue__get_IsEmpty 000000014085b100     Kernel.obj
 0005:00000120       Kernel_Kernel_Scheduling_Scheduler__GetPriorityTimeslice 000000014085b120     Kernel.obj
 0005:00000170       Kernel_Kernel_Scheduling_Scheduler__get_CurrentThread 000000014085b170     Kernel.obj
 0005:00000190       Kernel_Kernel_Scheduling_Scheduler__set_CurrentThread 000000014085b190     Kernel.obj
 0005:000001b0       Kernel_Kernel_Scheduling_Scheduler__get_IdleThread 000000014085b1b0     Kernel.obj
 0005:00000200       Kernel_Kernel_Scheduling_Scheduler__Initialize 000000014085b200     Kernel.obj
 0005:00000500       Kernel_Kernel_Scheduling_Scheduler__InitializeAp 000000014085b500     Kernel.obj
 0005:00000570       Kernel_Kernel_Scheduling_Scheduler__CreateThread 000000014085b570     Kernel.obj
 0005:000005a0       Kernel_Kernel_Scheduling_Scheduler__CreateThread_0 000000014085b5a0     Kernel.obj
 0005:000005e0       Kernel_Kernel_Scheduling_Scheduler__CreateThreadInternal 000000014085b5e0     Kernel.obj
 0005:000008e0       Kernel_Kernel_Scheduling_Scheduler__CreateUserThread 000000014085b8e0     Kernel.obj
 0005:00000d30       Kernel_Kernel_Scheduling_Scheduler__AcquireSchedulerLock 000000014085bd30     Kernel.obj
 0005:00000d60       Kernel_Kernel_Scheduling_Scheduler__ReleaseSchedulerLock 000000014085bd60     Kernel.obj
 0005:00000d90       Kernel_Kernel_Scheduling_Scheduler__EnqueueThreadUnlocked 000000014085bd90     Kernel.obj
 0005:00000e50       Kernel_Kernel_Scheduling_Scheduler__EnqueueThread 000000014085be50     Kernel.obj
 0005:00000eb0       Kernel_Kernel_Scheduling_Scheduler__DequeueNextReadyUnlocked 000000014085beb0     Kernel.obj
 0005:00000f90       Kernel_Kernel_Scheduling_Scheduler__DirectHandoffLocked 000000014085bf90     Kernel.obj
 0005:000010f0       Kernel_Kernel_Scheduling_Scheduler__Yield 000000014085c0f0     Kernel.obj
 0005:00001180       Kernel_Kernel_Scheduling_Scheduler__OnTimerTick 000000014085c180     Kernel.obj
 0005:00001270       Kernel_Kernel_Scheduling_Scheduler__BoostAllThreads 000000014085c270     Kernel.obj
 0005:00001330       Kernel_Kernel_Scheduling_Scheduler__PromoteQueue 000000014085c330     Kernel.obj
 0005:000013a0       Kernel_Kernel_Scheduling_Scheduler__Schedule 000000014085c3a0     Kernel.obj
 0005:000013d0       Kernel_Kernel_Scheduling_Scheduler__ScheduleLocked 000000014085c3d0     Kernel.obj
 0005:00001560       Kernel_Kernel_Scheduling_Scheduler__TerminateCurrentThread 000000014085c560     Kernel.obj
 0005:000015c0       Kernel_Kernel_Scheduling_Scheduler__UnlockScheduler 000000014085c5c0     Kernel.obj
 0005:000015f0       Kernel_Kernel_Scheduling_Scheduler__ReleaseSchedulerLock_0 000000014085c5f0     Kernel.obj
 0005:000015f0       ReleaseSchedulerLock       000000014085c5f0     Kernel.obj
 0005:00001620       Kernel_Kernel_Scheduling_Scheduler__IdleLoop 000000014085c620     Kernel.obj
 0005:000016b0       Kernel_Kernel_Scheduling_Scheduler__ApIdleLoopThunk 000000014085c6b0     Kernel.obj
 0005:000016e0       Kernel_Kernel_Scheduling_Scheduler__RunApIdleLoop 000000014085c6e0     Kernel.obj
 0005:00001760       Kernel_Kernel_Scheduling_Scheduler__ThreadEntryPointRunner 000000014085c760     Kernel.obj
 0005:00001760       ThreadEntryPointRunner     000000014085c760     Kernel.obj
 0005:00001810       Kernel_Kernel_Memory_Virtual_Hhdm__PhysicalToVirtual 000000014085c810     Kernel.obj
 0005:00001830       Kernel_Kernel_Memory_Virtual_Paging__GetPml4Index 000000014085c830     Kernel.obj
 0005:00001850       Kernel_Kernel_Memory_Virtual_Paging__GetPdptIndex 000000014085c850     Kernel.obj
 0005:00001870       Kernel_Kernel_Memory_Virtual_Paging__GetPdIndex 000000014085c870     Kernel.obj
 0005:00001890       Kernel_Kernel_Memory_Virtual_Paging__GetPtIndex 000000014085c890     Kernel.obj
 0005:000018b0       Kernel_Kernel_Memory_Virtual_SmpTlbShootdown__BroadcastShootdown 000000014085c8b0     Kernel.obj
 0005:000019e0       Kernel_Kernel_Memory_Virtual_SmpTlbShootdown__HandleTlbShootdownIpi 000000014085c9e0     Kernel.obj
 0005:00001a80       Kernel_Kernel_Memory_Virtual_VirtualMemorySpace__get_Pml4PhysicalAddress 000000014085ca80     Kernel.obj
 0005:00001aa0       Kernel_Kernel_Memory_Virtual_VirtualMemorySpace__set_Pml4PhysicalAddress 000000014085caa0     Kernel.obj
 0005:00001ac0       Kernel_Kernel_Memory_Virtual_VirtualMemorySpace__CreateKernelSpace 000000014085cac0     Kernel.obj
 0005:00001f40       Kernel_Kernel_Memory_Virtual_VirtualMemorySpace__ZeroPage 000000014085cf40     Kernel.obj
 0005:00001f90       Kernel_Kernel_Memory_Virtual_VirtualMemorySpace__MapUserPage4K 000000014085cf90     Kernel.obj
 0005:000022c0       Kernel_Kernel_Memory_Virtual_VirtualMemorySpace__CreateUserAddressSpace 000000014085d2c0     Kernel.obj
[...]
 0001:00000302       isr_stub_30                0000000140001302     IsrTrampolines.obj
 0001:00000309       isr_stub_31                0000000140001309     IsrTrampolines.obj
 0001:00000312       isr_stub_32                0000000140001312     IsrTrampolines.obj
 0001:0000031b       isr_stub_33                000000014000131b     IsrTrampolines.obj
 0001:00000324       isr_stub_34                0000000140001324     IsrTrampolines.obj
 0001:0000032d       isr_stub_35                000000014000132d     IsrTrampolines.obj
 0001:00000336       isr_stub_36                0000000140001336     IsrTrampolines.obj
 0001:0000033f       isr_stub_37                000000014000133f     IsrTrampolines.obj
 0001:00000348       isr_stub_38                0000000140001348     IsrTrampolines.obj
 0001:00000351       isr_stub_39                0000000140001351     IsrTrampolines.obj
 0001:0000035a       isr_stub_40                000000014000135a     IsrTrampolines.obj
 0001:00000363       isr_stub_41                0000000140001363     IsrTrampolines.obj
 0001:0000036c       isr_stub_42                000000014000136c     IsrTrampolines.obj
 0001:00000375       isr_stub_43                0000000140001375     IsrTrampolines.obj
 0001:0000037e       isr_stub_44                000000014000137e     IsrTrampolines.obj
 0001:00000387       isr_stub_45                0000000140001387     IsrTrampolines.obj
 0001:00000390       isr_stub_46                0000000140001390     IsrTrampolines.obj
 0001:00000399       isr_stub_47                0000000140001399     IsrTrampolines.obj
 0001:000003a2       isr_stub_48                00000001400013a2     IsrTrampolines.obj
 0001:000003ab       isr_stub_49                00000001400013ab     IsrTrampolines.obj
 0001:000003b4       isr_stub_50                00000001400013b4     IsrTrampolines.obj
 0001:000003bd       isr_stub_51                00000001400013bd     IsrTrampolines.obj
 0001:000003c6       isr_stub_52                00000001400013c6     IsrTrampolines.obj
 0001:000003cf       isr_stub_53                00000001400013cf     IsrTrampolines.obj
 0001:000003d8       isr_stub_54                00000001400013d8     IsrTrampolines.obj
 0001:000003e1       isr_stub_55                00000001400013e1     IsrTrampolines.obj
 0001:000003ea       isr_stub_56                00000001400013ea     IsrTrampolines.obj
 0001:000003f3       isr_stub_57                00000001400013f3     IsrTrampolines.obj
 0001:000003fc       isr_stub_58                00000001400013fc     IsrTrampolines.obj
 0001:00000405       isr_stub_59                0000000140001405     IsrTrampolines.obj
 0001:0000040e       isr_stub_60                000000014000140e     IsrTrampolines.obj
 0001:00000417       isr_stub_61                0000000140001417     IsrTrampolines.obj
 0001:00000420       isr_stub_62                0000000140001420     IsrTrampolines.obj
 0001:00000429       isr_stub_63                0000000140001429     IsrTrampolines.obj
 0001:00000432       isr_stub_64                0000000140001432     IsrTrampolines.obj
 0001:0000043b       isr_stub_65                000000014000143b     IsrTrampolines.obj
 0001:00000444       isr_stub_66                0000000140001444     IsrTrampolines.obj
 0001:0000044d       isr_stub_67                000000014000144d     IsrTrampolines.obj
 0001:00000456       isr_stub_68                0000000140001456     IsrTrampolines.obj
 0001:0000045f       isr_stub_69                000000014000145f     IsrTrampolines.obj
 0001:00000468       isr_stub_70                0000000140001468     IsrTrampolines.obj
 0001:00000471       isr_stub_71                0000000140001471     IsrTrampolines.obj
 0001:0000047a       isr_stub_72                000000014000147a     IsrTrampolines.obj
 0001:00000483       isr_stub_73                0000000140001483     IsrTrampolines.obj
 0001:0000048c       isr_stub_74                000000014000148c     IsrTrampolines.obj
 0001:00000495       isr_stub_75                0000000140001495     IsrTrampolines.obj
 0001:0000049e       isr_stub_76                000000014000149e     IsrTrampolines.obj
 0001:000004a7       isr_stub_77                00000001400014a7     IsrTrampolines.obj
 0001:000004b0       isr_stub_78                00000001400014b0     IsrTrampolines.obj
 0001:000004b9       isr_stub_79                00000001400014b9     IsrTrampolines.obj
 0001:000004c2       isr_stub_80                00000001400014c2     IsrTrampolines.obj
 0001:000004cb       isr_stub_81                00000001400014cb     IsrTrampolines.obj
 0001:000004d4       isr_stub_82                00000001400014d4     IsrTrampolines.obj
 0001:000004dd       isr_stub_83                00000001400014dd     IsrTrampolines.obj
 0001:000004e6       isr_stub_84                00000001400014e6     IsrTrampolines.obj
 0001:000004ef       isr_stub_85                00000001400014ef     IsrTrampolines.obj
 0001:000004f8       isr_stub_86                00000001400014f8     IsrTrampolines.obj
 0001:00000501       isr_stub_87                0000000140001501     IsrTrampolines.obj
 0001:0000050a       isr_stub_88                000000014000150a     IsrTrampolines.obj
 0001:00000513       isr_stub_89                0000000140001513     IsrTrampolines.obj
 0001:0000051c       isr_stub_90                000000014000151c     IsrTrampolines.obj
 0001:00000525       isr_stub_91                0000000140001525     IsrTrampolines.obj
 0001:0000052e       isr_stub_92                000000014000152e     IsrTrampolines.obj
 0001:00000537       isr_stub_93                0000000140001537     IsrTrampolines.obj
 0001:00000540       isr_stub_94                0000000140001540     IsrTrampolines.obj
 0001:00000549       isr_stub_95                0000000140001549     IsrTrampolines.obj
 0001:00000552       isr_stub_96                0000000140001552     IsrTrampolines.obj
 0001:0000055b       isr_stub_97                000000014000155b     IsrTrampolines.obj
 0001:00000564       isr_stub_98                0000000140001564     IsrTrampolines.obj
 0001:0000056d       isr_stub_99                000000014000156d     IsrTrampolines.obj
 0001:00000576       isr_stub_100               0000000140001576     IsrTrampolines.obj
 0001:0000057f       isr_stub_101               000000014000157f     IsrTrampolines.obj
 0001:00000588       isr_stub_102               0000000140001588     IsrTrampolines.obj
 0001:00000591       isr_stub_103               0000000140001591     IsrTrampolines.obj
 0001:0000059a       isr_stub_104               000000014000159a     IsrTrampolines.obj
 0001:000005a3       isr_stub_105               00000001400015a3     IsrTrampolines.obj
 0001:000005ac       isr_stub_106               00000001400015ac     IsrTrampolines.obj
 0001:000005b5       isr_stub_107               00000001400015b5     IsrTrampolines.obj
 0001:000005be       isr_stub_108               00000001400015be     IsrTrampolines.obj
 0001:000005c7       isr_stub_109               00000001400015c7     IsrTrampolines.obj
 0001:000005d0       isr_stub_110               00000001400015d0     IsrTrampolines.obj
 0001:000005d9       isr_stub_111               00000001400015d9     IsrTrampolines.obj
 0001:000005e2       isr_stub_112               00000001400015e2     IsrTrampolines.obj
 0001:000005eb       isr_stub_113               00000001400015eb     IsrTrampolines.obj
 0001:000005f4       isr_stub_114               00000001400015f4     IsrTrampolines.obj
 0001:000005fd       isr_stub_115               00000001400015fd     IsrTrampolines.obj
 0001:00000606       isr_stub_116               0000000140001606     IsrTrampolines.obj
 0001:0000060f       isr_stub_117               000000014000160f     IsrTrampolines.obj
 0001:00000618       isr_stub_118               0000000140001618     IsrTrampolines.obj
 0001:00000621       isr_stub_119               0000000140001621     IsrTrampolines.obj
 0001:0000062a       isr_stub_120               000000014000162a     IsrTrampolines.obj
 0001:00000633       isr_stub_121               0000000140001633     IsrTrampolines.obj
 0001:0000063c       isr_stub_122               000000014000163c     IsrTrampolines.obj
 0001:00000645       isr_stub_123               0000000140001645     IsrTrampolines.obj
 0001:0000064e       isr_stub_124               000000014000164e     IsrTrampolines.obj
 0001:00000657       isr_stub_125               0000000140001657     IsrTrampolines.obj
 0001:00000660       isr_stub_126               0000000140001660     IsrTrampolines.obj
 0001:00000669       isr_stub_127               0000000140001669     IsrTrampolines.obj
 0001:00000672       isr_stub_128               0000000140001672     IsrTrampolines.obj
 0001:0000067e       isr_stub_129               000000014000167e     IsrTrampolines.obj
 0001:0000068a       isr_stub_130               000000014000168a     IsrTrampolines.obj
 0001:00000696       isr_stub_131               0000000140001696     IsrTrampolines.obj
 0001:000006a2       isr_stub_132               00000001400016a2     IsrTrampolines.obj
 0001:000006ae       isr_stub_133               00000001400016ae     IsrTrampolines.obj
 0001:000006ba       isr_stub_134               00000001400016ba     IsrTrampolines.obj
 0001:000006c6       isr_stub_135               00000001400016c6     IsrTrampolines.obj
 0001:000006d2       isr_stub_136               00000001400016d2     IsrTrampolines.obj
 0001:000006de       isr_stub_137               00000001400016de     IsrTrampolines.obj
 0001:000006ea       isr_stub_138               00000001400016ea     IsrTrampolines.obj
 0001:000006f6       isr_stub_139               00000001400016f6     IsrTrampolines.obj
 0001:00000702       isr_stub_140               0000000140001702     IsrTrampolines.obj
 0001:0000070e       isr_stub_141               000000014000170e     IsrTrampolines.obj
 0001:0000071a       isr_stub_142               000000014000171a     IsrTrampolines.obj
 0001:00000726       isr_stub_143               0000000140001726     IsrTrampolines.obj
 0001:00000732       isr_stub_144               0000000140001732     IsrTrampolines.obj
 0001:0000073e       isr_stub_145               000000014000173e     IsrTrampolines.obj
 0001:0000074a       isr_stub_146               000000014000174a     IsrTrampolines.obj
 0001:00000756       isr_stub_147               0000000140001756     IsrTrampolines.obj
 0001:00000762       isr_stub_148               0000000140001762     IsrTrampolines.obj
 0001:0000076e       isr_stub_149               000000014000176e     IsrTrampolines.obj
 0001:0000077a       isr_stub_150               000000014000177a     IsrTrampolines.obj
 0001:00000786       isr_stub_151               0000000140001786     IsrTrampolines.obj
 0001:00000792       isr_stub_152               0000000140001792     IsrTrampolines.obj
 0001:0000079e       isr_stub_153               000000014000179e     IsrTrampolines.obj
 0001:000007aa       isr_stub_154               00000001400017aa     IsrTrampolines.obj
 0001:000007b6       isr_stub_155               00000001400017b6     IsrTrampolines.obj
 0001:000007c2       isr_stub_156               00000001400017c2     IsrTrampolines.obj
 0001:000007ce       isr_stub_157               00000001400017ce     IsrTrampolines.obj
 0001:000007da       isr_stub_158               00000001400017da     IsrTrampolines.obj
 0001:000007e6       isr_stub_159               00000001400017e6     IsrTrampolines.obj
 0001:000007f2       isr_stub_160               00000001400017f2     IsrTrampolines.obj
 0001:000007fe       isr_stub_161               00000001400017fe     IsrTrampolines.obj
 0001:0000080a       isr_stub_162               000000014000180a     IsrTrampolines.obj
 0001:00000816       isr_stub_163               0000000140001816     IsrTrampolines.obj
 0001:00000822       isr_stub_164               0000000140001822     IsrTrampolines.obj
 0001:0000082e       isr_stub_165               000000014000182e     IsrTrampolines.obj
 0001:0000083a       isr_stub_166               000000014000183a     IsrTrampolines.obj
 0001:00000846       isr_stub_167               0000000140001846     IsrTrampolines.obj
 0001:00000852       isr_stub_168               0000000140001852     IsrTrampolines.obj
 0001:0000085e       isr_stub_169               000000014000185e     IsrTrampolines.obj
 0001:0000086a       isr_stub_170               000000014000186a     IsrTrampolines.obj
 0001:00000876       isr_stub_171               0000000140001876     IsrTrampolines.obj
 0001:00000882       isr_stub_172               0000000140001882     IsrTrampolines.obj
 0001:0000088e       isr_stub_173               000000014000188e     IsrTrampolines.obj
 0001:0000089a       isr_stub_174               000000014000189a     IsrTrampolines.obj
 0001:000008a6       isr_stub_175               00000001400018a6     IsrTrampolines.obj
 0001:000008b2       isr_stub_176               00000001400018b2     IsrTrampolines.obj
 0001:000008be       isr_stub_177               00000001400018be     IsrTrampolines.obj
 0001:000008ca       isr_stub_178               00000001400018ca     IsrTrampolines.obj
 0001:000008d6       isr_stub_179               00000001400018d6     IsrTrampolines.obj
 0001:000008e2       isr_stub_180               00000001400018e2     IsrTrampolines.obj
 0001:000008ee       isr_stub_181               00000001400018ee     IsrTrampolines.obj
 0001:000008fa       isr_stub_182               00000001400018fa     IsrTrampolines.obj
 0001:00000906       isr_stub_183               0000000140001906     IsrTrampolines.obj
 0001:00000912       isr_stub_184               0000000140001912     IsrTrampolines.obj
 0001:0000091e       isr_stub_185               000000014000191e     IsrTrampolines.obj
 0001:0000092a       isr_stub_186               000000014000192a     IsrTrampolines.obj
 0001:00000936       isr_stub_187               0000000140001936     IsrTrampolines.obj
 0001:00000942       isr_stub_188               0000000140001942     IsrTrampolines.obj
 0001:0000094e       isr_stub_189               000000014000194e     IsrTrampolines.obj
 0001:0000095a       isr_stub_190               000000014000195a     IsrTrampolines.obj
 0001:00000966       isr_stub_191               0000000140001966     IsrTrampolines.obj
 0001:00000972       isr_stub_192               0000000140001972     IsrTrampolines.obj
 0001:0000097e       isr_stub_193               000000014000197e     IsrTrampolines.obj
 0001:0000098a       isr_stub_194               000000014000198a     IsrTrampolines.obj
 0001:00000996       isr_stub_195               0000000140001996     IsrTrampolines.obj
 0001:000009a2       isr_stub_196               00000001400019a2     IsrTrampolines.obj
 0001:000009ae       isr_stub_197               00000001400019ae     IsrTrampolines.obj
 0001:000009ba       isr_stub_198               00000001400019ba     IsrTrampolines.obj
 0001:000009c6       isr_stub_199               00000001400019c6     IsrTrampolines.obj
 0001:000009d2       isr_stub_200               00000001400019d2     IsrTrampolines.obj
 0001:000009de       isr_stub_201               00000001400019de     IsrTrampolines.obj
 0001:000009ea       isr_stub_202               00000001400019ea     IsrTrampolines.obj
 0001:000009f6       isr_stub_203               00000001400019f6     IsrTrampolines.obj
 0001:00000a02       isr_stub_204               0000000140001a02     IsrTrampolines.obj
 0001:00000a0e       isr_stub_205               0000000140001a0e     IsrTrampolines.obj
 0001:00000a1a       isr_stub_206               0000000140001a1a     IsrTrampolines.obj
 0001:00000a26       isr_stub_207               0000000140001a26     IsrTrampolines.obj
 0001:00000a32       isr_stub_208               0000000140001a32     IsrTrampolines.obj
 0001:00000a3e       isr_stub_209               0000000140001a3e     IsrTrampolines.obj
 0001:00000a4a       isr_stub_210               0000000140001a4a     IsrTrampolines.obj
 0001:00000a56       isr_stub_211               0000000140001a56     IsrTrampolines.obj
 0001:00000a62       isr_stub_212               0000000140001a62     IsrTrampolines.obj
 0001:00000a6e       isr_stub_213               0000000140001a6e     IsrTrampolines.obj
 0001:00000a7a       isr_stub_214               0000000140001a7a     IsrTrampolines.obj
 0001:00000a86       isr_stub_215               0000000140001a86     IsrTrampolines.obj
 0001:00000a92       isr_stub_216               0000000140001a92     IsrTrampolines.obj
 0001:00000a9e       isr_stub_217               0000000140001a9e     IsrTrampolines.obj
 0001:00000aaa       isr_stub_218               0000000140001aaa     IsrTrampolines.obj
 0001:00000ab6       isr_stub_219               0000000140001ab6     IsrTrampolines.obj
 0001:00000ac2       isr_stub_220               0000000140001ac2     IsrTrampolines.obj
 0001:00000ace       isr_stub_221               0000000140001ace     IsrTrampolines.obj
 0001:00000ada       isr_stub_222               0000000140001ada     IsrTrampolines.obj
 0001:00000ae6       isr_stub_223               0000000140001ae6     IsrTrampolines.obj
 0001:00000af2       isr_stub_224               0000000140001af2     IsrTrampolines.obj
 0001:00000afe       isr_stub_225               0000000140001afe     IsrTrampolines.obj
 0001:00000b0a       isr_stub_226               0000000140001b0a     IsrTrampolines.obj
 0001:00000b16       isr_stub_227               0000000140001b16     IsrTrampolines.obj
 0001:00000b22       isr_stub_228               0000000140001b22     IsrTrampolines.obj
 0001:00000b2e       isr_stub_229               0000000140001b2e     IsrTrampolines.obj
 0001:00000b3a       isr_stub_230               0000000140001b3a     IsrTrampolines.obj
 0001:00000b46       isr_stub_231               0000000140001b46     IsrTrampolines.obj
 0001:00000b52       isr_stub_232               0000000140001b52     IsrTrampolines.obj
 0001:00000b5e       isr_stub_233               0000000140001b5e     IsrTrampolines.obj
 0001:00000b6a       isr_stub_234               0000000140001b6a     IsrTrampolines.obj
 0001:00000b76       isr_stub_235               0000000140001b76     IsrTrampolines.obj
 0001:00000b82       isr_stub_236               0000000140001b82     IsrTrampolines.obj
 0001:00000b8e       isr_stub_237               0000000140001b8e     IsrTrampolines.obj
 0001:00000b9a       isr_stub_238               0000000140001b9a     IsrTrampolines.obj
 0001:00000ba6       isr_stub_239               0000000140001ba6     IsrTrampolines.obj
 0001:00000bb2       isr_stub_240               0000000140001bb2     IsrTrampolines.obj
 0001:00000bbe       isr_stub_241               0000000140001bbe     IsrTrampolines.obj
 0001:00000bca       isr_stub_242               0000000140001bca     IsrTrampolines.obj
 0001:00000bd6       isr_stub_243               0000000140001bd6     IsrTrampolines.obj
 0001:00000be2       isr_stub_244               0000000140001be2     IsrTrampolines.obj
 0001:00000bee       isr_stub_245               0000000140001bee     IsrTrampolines.obj
 0001:00000bfa       isr_stub_246               0000000140001bfa     IsrTrampolines.obj
 0001:00000c06       isr_stub_247               0000000140001c06     IsrTrampolines.obj
 0001:00000c12       isr_stub_248               0000000140001c12     IsrTrampolines.obj
 0001:00000c1e       isr_stub_249               0000000140001c1e     IsrTrampolines.obj
 0001:00000c2a       isr_stub_250               0000000140001c2a     IsrTrampolines.obj
 0001:00000c36       isr_stub_251               0000000140001c36     IsrTrampolines.obj
 0001:00000c42       isr_stub_252               0000000140001c42     IsrTrampolines.obj
 0001:00000c4e       isr_stub_253               0000000140001c4e     IsrTrampolines.obj
 0001:00000c5a       isr_stub_254               0000000140001c5a     IsrTrampolines.obj
 0001:00000c66       isr_stub_255               0000000140001c66     IsrTrampolines.obj
 0001:00000cac       ThreadStartTrampoline.hang 0000000140001cac     ContextSwitch.obj
